Inventory: 1030 tests; partitions: [207, 251, 253, 319]; no missing or duplicate ids.
test_browser_helper_behavior_preserves_legacy_and_structured_receipts (tests.test_click_browser.ClickBrowserTests.test_browser_helper_behavior_preserves_legacy_and_structured_receipts) ... ok
test_browser_runtime_has_no_upward_policy_or_host_dependency (tests.test_click_browser.ClickBrowserTests.test_browser_runtime_has_no_upward_policy_or_host_dependency) ... ok
test_gate_does_not_reexport_browser_helpers (tests.test_click_browser.ClickBrowserTests.test_gate_does_not_reexport_browser_helpers) ... ok
test_capability_validation_is_a_runtime_leaf (tests.test_click_capability.ClickCapabilityTests.test_capability_validation_is_a_runtime_leaf) ... ok
test_direct_argv_errors_and_normalization_are_exact (tests.test_click_capability.ClickCapabilityTests.test_direct_argv_errors_and_normalization_are_exact) ... ok
test_gate_does_not_reexport_capability_helpers (tests.test_click_capability.ClickCapabilityTests.test_gate_does_not_reexport_capability_helpers) ... ok
test_display_copy_rejects_paths_secrets_and_html_without_authority (tests.test_click_dashboard_projection.ClickDashboardProjectionTests.test_display_copy_rejects_paths_secrets_and_html_without_authority) ... ok
test_engine_identity_binds_frontend_bytes_and_relative_asset_paths (tests.test_click_dashboard_projection.ClickDashboardProjectionTests.test_engine_identity_binds_frontend_bytes_and_relative_asset_paths) ... ok
test_engine_identity_preserves_python_file_byte_provenance (tests.test_click_dashboard_projection.ClickDashboardProjectionTests.test_engine_identity_preserves_python_file_byte_provenance) ... ok
test_first_guarded_contract_shows_promise_approval_and_unstarted_sources (tests.test_click_dashboard_projection.ClickDashboardProjectionTests.test_first_guarded_contract_shows_promise_approval_and_unstarted_sources) ... ok
test_invalid_status_is_not_reflected_into_the_dashboard (tests.test_click_dashboard_projection.ClickDashboardProjectionTests.test_invalid_status_is_not_reflected_into_the_dashboard) ... ok
test_projection_is_content_free_and_rejects_tampering (tests.test_click_dashboard_projection.ClickDashboardProjectionTests.test_projection_is_content_free_and_rejects_tampering) ... ok
test_projection_keeps_requests_separate_and_deduplicates_redelivery (tests.test_click_dashboard_projection.ClickDashboardProjectionTests.test_projection_keeps_requests_separate_and_deduplicates_redelivery) ... ok
test_projection_separates_authoritative_roi_from_shadow_telemetry (tests.test_click_dashboard_projection.ClickDashboardProjectionTests.test_projection_separates_authoritative_roi_from_shadow_telemetry) ... ok
test_projection_v6_through_v8_remain_readable_and_new_fields_are_validated (tests.test_click_dashboard_projection.ClickDashboardProjectionTests.test_projection_v6_through_v8_remain_readable_and_new_fields_are_validated) ... ok
test_projection_validator_keeps_v4_read_compatibility (tests.test_click_dashboard_projection.ClickDashboardProjectionTests.test_projection_validator_keeps_v4_read_compatibility) ... ok
test_selected_source_map_retains_baseline_and_current_input_states (tests.test_click_dashboard_projection.ClickDashboardProjectionTests.test_selected_source_map_retains_baseline_and_current_input_states) ... ok
test_setup_projection_preserves_measured_loss (tests.test_click_dashboard_projection.ClickDashboardProjectionTests.test_setup_projection_preserves_measured_loss) ... ok
test_source_nodes_survive_input_slicing (tests.test_click_dashboard_projection.ClickDashboardProjectionTests.test_source_nodes_survive_input_slicing) ... ok
test_actionable_failure_redacts_common_secret_assignments (tests.test_click_diagnostics.ClickDiagnosticsTests.test_actionable_failure_redacts_common_secret_assignments) ... ok
test_framework_recognizes_windows_python_and_launcher_commands (tests.test_click_diagnostics.ClickDiagnosticsTests.test_framework_recognizes_windows_python_and_launcher_commands) ... ok
test_invalid_encoding_and_truncation_remain_explicit (tests.test_click_diagnostics.ClickDiagnosticsTests.test_invalid_encoding_and_truncation_remain_explicit) ... ok
test_malicious_or_outside_traceback_path_is_never_suggested (tests.test_click_diagnostics.ClickDiagnosticsTests.test_malicious_or_outside_traceback_path_is_never_suggested) ... ok
test_missing_capture_does_not_invent_failure_details (tests.test_click_diagnostics.ClickDiagnosticsTests.test_missing_capture_does_not_invent_failure_details) ... ok
test_opaque_log_reader_rejects_paths_and_symlinks (tests.test_click_diagnostics.ClickDiagnosticsTests.test_opaque_log_reader_rejects_paths_and_symlinks) ... ok
test_progress_separates_current_checks_from_whole_task_correctness (tests.test_click_diagnostics.ClickDiagnosticsTests.test_progress_separates_current_checks_from_whole_task_correctness) ... ok
test_pytest_parser_preserves_multiple_failure_identities (tests.test_click_diagnostics.ClickDiagnosticsTests.test_pytest_parser_preserves_multiple_failure_identities) ... ok
test_reporting_is_versioned_and_defaults_to_raw_compatibility (tests.test_click_diagnostics.ClickDiagnosticsTests.test_reporting_is_versioned_and_defaults_to_raw_compatibility) ... ok
test_unittest_failure_is_parsed_from_original_bounded_output (tests.test_click_diagnostics.ClickDiagnosticsTests.test_unittest_failure_is_parsed_from_original_bounded_output) ... ok
test_absent_policy_is_fail_fast_off (tests.test_click_failure_collection.FailureCollectionPolicyTests.test_absent_policy_is_fail_fast_off) ... ok
test_bounded_policy_requires_explicit_sources_and_hard_caps (tests.test_click_failure_collection.FailureCollectionPolicyTests.test_bounded_policy_requires_explicit_sources_and_hard_caps) ... ok
test_broad_checks_must_use_the_receipt_bound_runner_after_approval (tests.test_click_gate_verification.ClickGateVerificationTests.test_broad_checks_must_use_the_receipt_bound_runner_after_approval) ... ok
test_caller_installed_v1_receipt_does_not_reuse_across_revision (tests.test_click_gate_verification.ClickGateVerificationTests.test_caller_installed_v1_receipt_does_not_reuse_across_revision) ... ok
test_caller_installed_v1_shard_observations_rerun_every_child (tests.test_click_gate_verification.ClickGateVerificationTests.test_caller_installed_v1_shard_observations_rerun_every_child) ... ok
test_change_after_approved_mutation_receipt_disables_dependency_reuse (tests.test_click_gate_verification.ClickGateVerificationTests.test_change_after_approved_mutation_receipt_disables_dependency_reuse) ... ok
test_claimed_verification_never_auto_expires_while_result_is_unknown (tests.test_click_gate_verification.ClickGateVerificationTests.test_claimed_verification_never_auto_expires_while_result_is_unknown) ... ok
test_claimed_verification_replay_does_not_release_active_runner (tests.test_click_gate_verification.ClickGateVerificationTests.test_claimed_verification_replay_does_not_release_active_runner) ... Click verification runner was already claimed; replay is blocked.
ok
test_committed_safe_change_policy_reuses_without_runtime_observer (tests.test_click_gate_verification.ClickGateVerificationTests.test_committed_safe_change_policy_reuses_without_runtime_observer) ... ok
test_current_receipt_is_not_reused_across_host_coverage_identities (tests.test_click_gate_verification.ClickGateVerificationTests.test_current_receipt_is_not_reused_across_host_coverage_identities) ... ok
test_current_receipt_reruns_when_the_execution_environment_changes (tests.test_click_gate_verification.ClickGateVerificationTests.test_current_receipt_reruns_when_the_execution_environment_changes) ... ok
test_current_receipt_reruns_when_the_git_tree_changes_out_of_band (tests.test_click_gate_verification.ClickGateVerificationTests.test_current_receipt_reruns_when_the_git_tree_changes_out_of_band) ... ok
test_deep_class_normalization_does_not_create_authority (tests.test_click_gate_verification.ClickGateVerificationTests.test_deep_class_normalization_does_not_create_authority) ... ok
test_dependency_change_reruns_cross_revision_check (tests.test_click_gate_verification.ClickGateVerificationTests.test_dependency_change_reruns_cross_revision_check) ... ok
test_each_shard_can_use_existing_committed_safe_change_authority (tests.test_click_gate_verification.ClickGateVerificationTests.test_each_shard_can_use_existing_committed_safe_change_authority) ... ok
test_edited_shard_map_runs_original_parent_suite (tests.test_click_gate_verification.ClickGateVerificationTests.test_edited_shard_map_runs_original_parent_suite) ... ok
test_environment_change_reruns_cross_revision_check (tests.test_click_gate_verification.ClickGateVerificationTests.test_environment_change_reruns_cross_revision_check) ... ok
test_evidence_mode_dynamically_registers_and_exports_host_authority (tests.test_click_gate_verification.ClickGateVerificationTests.test_evidence_mode_dynamically_registers_and_exports_host_authority) ... ok
test_evidence_shards_retain_passed_sibling_and_retry_only_unresolved (tests.test_click_gate_verification.ClickGateVerificationTests.test_evidence_shards_retain_passed_sibling_and_retry_only_unresolved) ... ok
test_evidence_status_distinguishes_execution_reuse_and_invalidation (tests.test_click_gate_verification.ClickGateVerificationTests.test_evidence_status_distinguishes_execution_reuse_and_invalidation) ... ok
test_evidence_status_reports_failed_and_unstarted_checks (tests.test_click_gate_verification.ClickGateVerificationTests.test_evidence_status_reports_failed_and_unstarted_checks) ... ok
test_explicit_batch_workdir_expands_shards_from_nested_repository (tests.test_click_gate_verification.ClickGateVerificationTests.test_explicit_batch_workdir_expands_shards_from_nested_repository) ... ok
test_failed_batch_advises_after_unchanged_retry (tests.test_click_gate_verification.ClickGateVerificationTests.test_failed_batch_advises_after_unchanged_retry) ... ok
test_follow_up_evidence_does_not_reuse_same_revision_for_changed_tree (tests.test_click_gate_verification.ClickGateVerificationTests.test_follow_up_evidence_does_not_reuse_same_revision_for_changed_tree) ... ok
test_follow_up_evidence_rechecks_command_binding (tests.test_click_gate_verification.ClickGateVerificationTests.test_follow_up_evidence_rechecks_command_binding) ... ok
test_follow_up_evidence_rechecks_environment_binding (tests.test_click_gate_verification.ClickGateVerificationTests.test_follow_up_evidence_rechecks_environment_binding) ... ok
test_follow_up_evidence_requalifies_exact_success_and_records_origin (tests.test_click_gate_verification.ClickGateVerificationTests.test_follow_up_evidence_requalifies_exact_success_and_records_origin) ... ok
test_guarded_successor_does_not_inherit_a_dependency_declaration (tests.test_click_gate_verification.ClickGateVerificationTests.test_guarded_successor_does_not_inherit_a_dependency_declaration) ... ok
test_guarded_successor_partial_code_reuse_new_check_and_relevant_rerun (tests.test_click_gate_verification.ClickGateVerificationTests.test_guarded_successor_partial_code_reuse_new_check_and_relevant_rerun) ... ok
test_guarded_successor_requires_new_approval_and_exports_contract_origin (tests.test_click_gate_verification.ClickGateVerificationTests.test_guarded_successor_requires_new_approval_and_exports_contract_origin) ... ok
test_guarded_successor_shards_keep_original_timing_sample_across_reuse (tests.test_click_gate_verification.ClickGateVerificationTests.test_guarded_successor_shards_keep_original_timing_sample_across_reuse) ... ok
test_hook_raises_underdeclared_verification_to_its_minimum_class (tests.test_click_gate_verification.ClickGateVerificationTests.test_hook_raises_underdeclared_verification_to_its_minimum_class) ... ok
test_incomplete_observation_cannot_fall_back_to_safe_change_skip (tests.test_click_gate_verification.ClickGateVerificationTests.test_incomplete_observation_cannot_fall_back_to_safe_change_skip) ... ok
test_inline_and_direct_python_programs_are_not_verification (tests.test_click_gate_verification.ClickGateVerificationTests.test_inline_and_direct_python_programs_are_not_verification) ... ok
test_keyboard_interrupt_records_failure_and_releases_runner (tests.test_click_gate_verification.ClickGateVerificationTests.test_keyboard_interrupt_records_failure_and_releases_runner) ... [Click verification 1/1:E1:targeted] /usr/bin/python3 -m unittest verification_fixture.VerificationFixture.test_pass
[Click] Verification was interrupted. The active check was stopped and recorded as non-passing.
[Click 결과] 1개 샤드 요청 미완료 · 실제 실행 0개 · 재사용 적용 0개; 재사용으로 생략한 테스트 실행시간: 요청 미완료; 동일 샤드 전체 순차 실행 예상: 측정 정보 없음; 이번 테스트 실행: 측정 정보 없음; 테스트 실행시간 감소: 측정 정보 없음; 시간 근거 커버리지 0/0 · 이전 계약 재판정 0개; 과거 성공 실행 기록 기반 추정 / 동일 샤드 순차 기준 / Click 관리비용 제외.
ok
test_late_completion_from_cancelled_batch_cannot_overwrite_successor_batch (tests.test_click_gate_verification.ClickGateVerificationTests.test_late_completion_from_cancelled_batch_cannot_overwrite_successor_batch) ... ok
test_legacy_class_change_does_not_invalidate_exact_argv_receipt (tests.test_click_gate_verification.ClickGateVerificationTests.test_legacy_class_change_does_not_invalidate_exact_argv_receipt) ... ok
test_legacy_class_normalization_is_deterministic_but_non_authoritative (tests.test_click_gate_verification.ClickGateVerificationTests.test_legacy_class_normalization_is_deterministic_but_non_authoritative) ... ok
test_new_source_path_created_during_verification_fails_stale (tests.test_click_gate_verification.ClickGateVerificationTests.test_new_source_path_created_during_verification_fails_stale) ... ok
test_new_untracked_verification_artifact_fails_stale (tests.test_click_gate_verification.ClickGateVerificationTests.test_new_untracked_verification_artifact_fails_stale) ... ok
test_prediction_root_lookup_does_not_take_an_authority_snapshot (tests.test_click_gate_verification.ClickGateVerificationTests.test_prediction_root_lookup_does_not_take_an_authority_snapshot) ... ok
test_prepared_environment_value_change_is_rebound_before_execution (tests.test_click_gate_verification.ClickGateVerificationTests.test_prepared_environment_value_change_is_rebound_before_execution) ... ok
test_quick_profile_does_not_control_verification_authority (tests.test_click_gate_verification.ClickGateVerificationTests.test_quick_profile_does_not_control_verification_authority) ... ok
test_receipt_fingerprint_resolves_relative_path_from_runner_cwd (tests.test_click_gate_verification.ClickGateVerificationTests.test_receipt_fingerprint_resolves_relative_path_from_runner_cwd) ... ok
test_record_result_ignores_supplied_dependency_observation (tests.test_click_gate_verification.ClickGateVerificationTests.test_record_result_ignores_supplied_dependency_observation) ... ok
test_relative_verifier_selection_uses_explicit_workspace (tests.test_click_gate_verification.ClickGateVerificationTests.test_relative_verifier_selection_uses_explicit_workspace) ... ok
test_rewritten_verification_runner_is_claimed_before_execution (tests.test_click_gate_verification.ClickGateVerificationTests.test_rewritten_verification_runner_is_claimed_before_execution) ... [Click verification 1/1:E1:targeted] /usr/bin/python3 -m unittest verification_fixture.VerificationFixture.test_pass
[Click 결과] 1개 샤드 모두 실제 실행 · 실제 재사용 없음; 재사용으로 생략한 테스트 실행시간: 0 ms · 실제 재사용 없음; 동일 샤드 전체 순차 실행 예상: 약 4.42 ms; 이번 테스트 실행: 4.42 ms; 테스트 실행시간 감소: 약 0%; 시간 근거 커버리지 0/0 · 이전 계약 재판정 0개; 과거 성공 실행 기록 기반 추정 / 동일 샤드 순차 기준 / Click 관리비용 제외.
Click verification runner is no longer authorized to execute.
ok
test_rewritten_verification_uses_bound_root_not_ambient_plugin_data (tests.test_click_gate_verification.ClickGateVerificationTests.test_rewritten_verification_uses_bound_root_not_ambient_plugin_data) ... ok
test_runner_only_environment_noise_does_not_invalidate_receipt (tests.test_click_gate_verification.ClickGateVerificationTests.test_runner_only_environment_noise_does_not_invalidate_receipt) ... ok
test_runner_persists_each_group_before_starting_the_next_group (tests.test_click_gate_verification.ClickGateVerificationTests.test_runner_persists_each_group_before_starting_the_next_group) ... [Click verification 1/2:E_ALPHA:targeted] /usr/bin/python3 -m unittest verification_fixture.VerificationFixture.test_pass
[Click verification 2/2:E_BETA:targeted] /usr/bin/python3 -m unittest verification_fixture.VerificationFixture.test_pass
[Click 결과] 2개 샤드 모두 실제 실행 · 실제 재사용 없음; 재사용으로 생략한 테스트 실행시간: 0 ms · 실제 재사용 없음; 동일 샤드 전체 순차 실행 예상: 약 12.74 ms; 이번 테스트 실행: 12.74 ms; 테스트 실행시간 감소: 약 0%; 시간 근거 커버리지 0/0 · 이전 계약 재판정 0개; 과거 성공 실행 기록 기반 추정 / 동일 샤드 순차 기준 / Click 관리비용 제외.
ok
test_runner_records_exact_commands_and_stops_after_the_first_failure (tests.test_click_gate_verification.ClickGateVerificationTests.test_runner_records_exact_commands_and_stops_after_the_first_failure) ... [Click verification 1/3:E_CHAIN:targeted] /usr/bin/python3 -m unittest verification_fixture.VerificationFixture.test_pass
[Click verification 2/3:E_CHAIN:targeted] /usr/bin/python3 -m unittest verification_fixture.VerificationFixture.test_fail
[Click 결과] 1개 샤드 요청 미완료 · 실제 실행 1개 · 재사용 적용 0개; 재사용으로 생략한 테스트 실행시간: 요청 미완료; 동일 샤드 전체 순차 실행 예상: 측정 정보 없음; 이번 테스트 실행: 11.86 ms; 테스트 실행시간 감소: 측정 정보 없음; 시간 근거 커버리지 0/0 · 이전 계약 재판정 0개; 과거 성공 실행 기록 기반 추정 / 동일 샤드 순차 기준 / Click 관리비용 제외.
ok
test_runner_rejects_tampered_host_coverage_binding_before_execution (tests.test_click_gate_verification.ClickGateVerificationTests.test_runner_rejects_tampered_host_coverage_binding_before_execution) ... ok
test_running_batch_blocks_parallel_mutation_and_verification (tests.test_click_gate_verification.ClickGateVerificationTests.test_running_batch_blocks_parallel_mutation_and_verification) ... ok
test_safe_change_policy_reruns_when_code_is_also_changed (tests.test_click_gate_verification.ClickGateVerificationTests.test_safe_change_policy_reruns_when_code_is_also_changed) ... ok
test_shadow_observer_is_off_by_default (tests.test_click_gate_verification.ClickGateVerificationTests.test_shadow_observer_is_off_by_default) ... [Click verification 1/1:E1:targeted] /usr/bin/python3 -m unittest verification_fixture.VerificationFixture.test_pass
[Click 결과] 1개 샤드 모두 실제 실행 · 실제 재사용 없음; 재사용으로 생략한 테스트 실행시간: 0 ms · 실제 재사용 없음; 동일 샤드 전체 순차 실행 예상: 약 3.02 ms; 이번 테스트 실행: 3.02 ms; 테스트 실행시간 감소: 약 0%; 시간 근거 커버리지 0/0 · 이전 계약 재판정 0개; 과거 성공 실행 기록 기반 추정 / 동일 샤드 순차 기준 / Click 관리비용 제외.
ok
test_shadow_observer_records_without_affecting_evidence_or_receipt (tests.test_click_gate_verification.ClickGateVerificationTests.test_shadow_observer_records_without_affecting_evidence_or_receipt) ... [Click verification 1/1:E1:targeted] /usr/bin/python3 -m unittest verification_fixture.VerificationFixture.test_pass
[Click shadow] complete: inputs=1 external=0 unresolved=0 overhead=1ms
[Click 결과] 1개 샤드 모두 실제 실행 · 실제 재사용 없음; 재사용으로 생략한 테스트 실행시간: 0 ms · 실제 재사용 없음; 동일 샤드 전체 순차 실행 예상: 약 3.18 ms; 이번 테스트 실행: 3.18 ms; 테스트 실행시간 감소: 약 0%; 시간 근거 커버리지 0/0 · 이전 계약 재판정 0개; 과거 성공 실행 기록 기반 추정 / 동일 샤드 순차 기준 / Click 관리비용 제외.
ok
test_shadow_prediction_is_fixed_before_rerun_and_evaluated_afterward (tests.test_click_gate_verification.ClickGateVerificationTests.test_shadow_prediction_is_fixed_before_rerun_and_evaluated_afterward) ... [Click verification 1/1:E1:targeted] /usr/bin/python3 -m unittest verification_fixture.VerificationFixture.test_pass
[Click shadow] complete: inputs=1 external=0 unresolved=0 overhead=2ms
[Click 결과] 1개 샤드 모두 실제 실행 · 실제 재사용 없음; 재사용으로 생략한 테스트 실행시간: 0 ms · 실제 재사용 없음; 동일 샤드 전체 순차 실행 예상: 약 3.15 ms; 이번 테스트 실행: 3.15 ms; 테스트 실행시간 감소: 약 0%; 시간 근거 커버리지 0/0 · 이전 계약 재판정 0개; 과거 성공 실행 기록 기반 추정 / 동일 샤드 순차 기준 / Click 관리비용 제외.
[Click verification 1/1:E1:targeted] /usr/bin/python3 -m unittest verification_fixture.VerificationFixture.test_pass
[Click shadow] complete: inputs=1 external=0 unresolved=0 overhead=2ms
[Click 결과] 1개 샤드 모두 실제 실행 · 실제 재사용 없음; 재사용으로 생략한 테스트 실행시간: 0 ms · 실제 재사용 없음; 동일 샤드 전체 순차 실행 예상: 약 4.42 ms; 이번 테스트 실행: 4.42 ms; 테스트 실행시간 감소: 약 0%; 시간 근거 커버리지 0/0 · 이전 계약 재판정 0개; 과거 성공 실행 기록 기반 추정 / 동일 샤드 순차 기준 / Click 관리비용 제외.
ok
test_shard_map_alone_never_authorizes_cross_revision_skip (tests.test_click_gate_verification.ClickGateVerificationTests.test_shard_map_alone_never_authorizes_cross_revision_skip) ... ok
test_source_reservation_survives_mutation_and_prevents_check_swapping (tests.test_click_gate_verification.ClickGateVerificationTests.test_source_reservation_survives_mutation_and_prevents_check_swapping) ... ok
test_split_argv_batches_bind_exact_groups_without_a_profile_ceiling (tests.test_click_gate_verification.ClickGateVerificationTests.test_split_argv_batches_bind_exact_groups_without_a_profile_ceiling) ... ok
test_stateful_runner_prefix_rejects_non_gate_state_root (tests.test_click_gate_verification.ClickGateVerificationTests.test_stateful_runner_prefix_rejects_non_gate_state_root) ... ok
test_stateful_runner_requires_one_canonical_bound_state_root (tests.test_click_gate_verification.ClickGateVerificationTests.test_stateful_runner_requires_one_canonical_bound_state_root) ... ok
test_success_receipt_binds_the_current_host_coverage_identity (tests.test_click_gate_verification.ClickGateVerificationTests.test_success_receipt_binds_the_current_host_coverage_identity) ... ok
test_successful_final_batch_is_not_repeated_until_code_changes (tests.test_click_gate_verification.ClickGateVerificationTests.test_successful_final_batch_is_not_repeated_until_code_changes) ... ok
test_successor_reuse_keeps_authority_when_timing_basis_is_unusable (tests.test_click_gate_verification.ClickGateVerificationTests.test_successor_reuse_keeps_authority_when_timing_basis_is_unusable) ... ok
test_synthetic_noncontiguous_results_cannot_create_false_receipts (tests.test_click_gate_verification.ClickGateVerificationTests.test_synthetic_noncontiguous_results_cannot_create_false_receipts) ... ok
test_tampered_verification_token_does_not_release_reservation (tests.test_click_gate_verification.ClickGateVerificationTests.test_tampered_verification_token_does_not_release_reservation) ... Click verification runner token did not match active state.
ok
test_unavailable_runtime_observation_reruns_after_any_revision (tests.test_click_gate_verification.ClickGateVerificationTests.test_unavailable_runtime_observation_reruns_after_any_revision) ... ok
test_unclaimed_expired_verification_does_not_consume_source_attempt (tests.test_click_gate_verification.ClickGateVerificationTests.test_unclaimed_expired_verification_does_not_consume_source_attempt) ... ok
test_uninvoked_verification_remains_fail_open (tests.test_click_gate_verification.ClickGateVerificationTests.test_uninvoked_verification_remains_fail_open) ... ok
test_unknown_verification_wrapper_is_normalized_but_must_resolve (tests.test_click_gate_verification.ClickGateVerificationTests.test_unknown_verification_wrapper_is_normalized_but_must_resolve) ... ok
test_unrelated_manifest_change_cannot_make_v1_receipt_authoritative (tests.test_click_gate_verification.ClickGateVerificationTests.test_unrelated_manifest_change_cannot_make_v1_receipt_authoritative) ... ok
test_v1_observation_cannot_activate_safe_change_policy (tests.test_click_gate_verification.ClickGateVerificationTests.test_v1_observation_cannot_activate_safe_change_policy) ... ok
test_verification_batch_has_no_arbitrary_character_cap (tests.test_click_gate_verification.ClickGateVerificationTests.test_verification_batch_has_no_arbitrary_character_cap) ... ok
test_verification_batch_has_no_fixed_check_count_cap (tests.test_click_gate_verification.ClickGateVerificationTests.test_verification_batch_has_no_fixed_check_count_cap) ... ok
test_verification_batch_rejects_legacy_shell_strings (tests.test_click_gate_verification.ClickGateVerificationTests.test_verification_batch_rejects_legacy_shell_strings) ... ok
test_verification_classifier_supports_common_build_and_check_forms (tests.test_click_gate_verification.ClickGateVerificationTests.test_verification_classifier_supports_common_build_and_check_forms) ... ok
test_verification_classifier_uses_scope_before_kind_markers (tests.test_click_gate_verification.ClickGateVerificationTests.test_verification_classifier_uses_scope_before_kind_markers) ... ok
test_verification_detects_content_committed_during_the_batch (tests.test_click_gate_verification.ClickGateVerificationTests.test_verification_detects_content_committed_during_the_batch) ... ok
test_verification_environment_binding_recovers_missing_prepared_key (tests.test_click_gate_verification.ClickGateVerificationTests.test_verification_environment_binding_recovers_missing_prepared_key) ... ok
test_verification_environment_ignores_shell_bookkeeping (tests.test_click_gate_verification.ClickGateVerificationTests.test_verification_environment_ignores_shell_bookkeeping) ... ok
test_verification_environment_mismatch_rebinds_before_execution (tests.test_click_gate_verification.ClickGateVerificationTests.test_verification_environment_mismatch_rebinds_before_execution) ... [Click] Verification runner environment changed after preparation; rebound to the current canonical environment.
[Click verification 1/1:E1:targeted] /usr/bin/python3 -m unittest verification_fixture.VerificationFixture.test_pass
[Click 결과] 1개 샤드 모두 실제 실행 · 실제 재사용 없음; 재사용으로 생략한 테스트 실행시간: 0 ms · 실제 재사용 없음; 동일 샤드 전체 순차 실행 예상: 약 2.84 ms; 이번 테스트 실행: 2.84 ms; 테스트 실행시간 감소: 약 0%; 시간 근거 커버리지 0/0 · 이전 계약 재판정 0개; 과거 성공 실행 기록 기반 추정 / 동일 샤드 순차 기준 / Click 관리비용 제외.
ok
test_verification_fails_closed_when_git_snapshot_cannot_be_established (tests.test_click_gate_verification.ClickGateVerificationTests.test_verification_fails_closed_when_git_snapshot_cannot_be_established) ... [Click] Verification could not establish a protected Git workspace snapshot. No check was executed.
[Click 결과] 1개 샤드 요청 미완료 · 실제 실행 0개 · 재사용 적용 0개; 재사용으로 생략한 테스트 실행시간: 요청 미완료; 동일 샤드 전체 순차 실행 예상: 측정 정보 없음; 이번 테스트 실행: 측정 정보 없음; 테스트 실행시간 감소: 측정 정보 없음; 시간 근거 커버리지 0/0 · 이전 계약 재판정 0개; 과거 성공 실행 기록 기반 추정 / 동일 샤드 순차 기준 / Click 관리비용 제외.
ok
test_verification_generic_report_fails_stale (tests.test_click_gate_verification.ClickGateVerificationTests.test_verification_generic_report_fails_stale) ... ok
test_verification_ignored_artifact_does_not_change_snapshot (tests.test_click_gate_verification.ClickGateVerificationTests.test_verification_ignored_artifact_does_not_change_snapshot) ... ok
test_verification_pins_selected_symlink_launcher_not_its_target (tests.test_click_gate_verification.ClickGateVerificationTests.test_verification_pins_selected_symlink_launcher_not_its_target) ... ok
test_verification_protects_preexisting_untracked_content (tests.test_click_gate_verification.ClickGateVerificationTests.test_verification_protects_preexisting_untracked_content) ... ok
test_verification_result_rejects_lost_context_bindings (tests.test_click_gate_verification.ClickGateVerificationTests.test_verification_result_rejects_lost_context_bindings) ... ok
test_verification_root_dockerfile_fails_stale (tests.test_click_gate_verification.ClickGateVerificationTests.test_verification_root_dockerfile_fails_stale) ... ok
test_verification_root_main_py_fails_stale (tests.test_click_gate_verification.ClickGateVerificationTests.test_verification_root_main_py_fails_stale) ... ok
test_verification_root_package_json_fails_stale (tests.test_click_gate_verification.ClickGateVerificationTests.test_verification_root_package_json_fails_stale) ... ok
test_verification_runner_rejects_executable_change_before_execution (tests.test_click_gate_verification.ClickGateVerificationTests.test_verification_runner_rejects_executable_change_before_execution) ... Click verification executable changed before execution.
ok
test_verification_runner_rejects_prepared_workdir_mismatch (tests.test_click_gate_verification.ClickGateVerificationTests.test_verification_runner_rejects_prepared_workdir_mismatch) ... Click verification runner workdir did not match the prepared capability.
ok
test_verification_runner_rejects_stale_or_future_reservation_before_execution (tests.test_click_gate_verification.ClickGateVerificationTests.test_verification_runner_rejects_stale_or_future_reservation_before_execution) ... Click verification runner authorization expired before execution.
Click verification runner authorization expired before execution.
ok
test_verification_runner_rejects_tampered_environment_binding (tests.test_click_gate_verification.ClickGateVerificationTests.test_verification_runner_rejects_tampered_environment_binding) ... ok
test_verification_runner_rejects_tampered_source_reservation (tests.test_click_gate_verification.ClickGateVerificationTests.test_verification_runner_rejects_tampered_source_reservation) ... Click verification runner source reservation did not match.
ok
test_verification_that_changes_repository_content_cannot_pass (tests.test_click_gate_verification.ClickGateVerificationTests.test_verification_that_changes_repository_content_cannot_pass) ... ok
test_windows_environment_binding_is_case_insensitive (tests.test_click_gate_verification.ClickGateVerificationTests.test_windows_environment_binding_is_case_insensitive) ... ok
test_workspace_changing_failure_does_not_mark_unrun_evidence_executed (tests.test_click_gate_verification.ClickGateVerificationTests.test_workspace_changing_failure_does_not_mark_unrun_evidence_executed) ... ok
test_control_and_authorization_error_text_stay_in_lifecycle (tests.test_click_lifecycle.ClickLifecycleTests.test_control_and_authorization_error_text_stay_in_lifecycle) ... ok
test_gate_does_not_reexport_lifecycle_helpers (tests.test_click_lifecycle.ClickLifecycleTests.test_gate_does_not_reexport_lifecycle_helpers) ... ok
test_gate_retains_event_and_runner_routing (tests.test_click_lifecycle.ClickLifecycleTests.test_gate_retains_event_and_runner_routing) ... ok
test_lifecycle_delegates_contract_storage_to_the_leaf (tests.test_click_lifecycle.ClickLifecycleTests.test_lifecycle_delegates_contract_storage_to_the_leaf) ... ok
test_lifecycle_delegates_mode_storage_and_migration_to_the_leaf (tests.test_click_lifecycle.ClickLifecycleTests.test_lifecycle_delegates_mode_storage_and_migration_to_the_leaf) ... ok
test_lifecycle_delegates_prompt_state_to_the_leaf (tests.test_click_lifecycle.ClickLifecycleTests.test_lifecycle_delegates_prompt_state_to_the_leaf) ... ok
test_lifecycle_has_no_gate_or_host_adapter_dependency (tests.test_click_lifecycle.ClickLifecycleTests.test_lifecycle_has_no_gate_or_host_adapter_dependency) ... ok
test_gate_does_not_reexport_mode_helpers (tests.test_click_mode.ClickModeTests.test_gate_does_not_reexport_mode_helpers) ... ok
test_legacy_preference_migrates_once_and_consumes_one_notice (tests.test_click_mode.ClickModeTests.test_legacy_preference_migrates_once_and_consumes_one_notice) ... ok
test_mode_leaf_has_no_upward_runtime_dependency (tests.test_click_mode.ClickModeTests.test_mode_leaf_has_no_upward_runtime_dependency) ... ok
test_public_and_legacy_default_modes_preserve_exact_mapping (tests.test_click_mode.ClickModeTests.test_public_and_legacy_default_modes_preserve_exact_mapping) ... ok
test_session_mode_round_trips_and_falls_back_to_adaptive (tests.test_click_mode.ClickModeTests.test_session_mode_round_trips_and_falls_back_to_adaptive) ... ok
test_mutation_runtime_has_no_upward_or_sibling_domain_dependency (tests.test_click_mutation.ClickMutationTests.test_mutation_runtime_has_no_upward_or_sibling_domain_dependency) ... ok
test_mutation_validation_preserves_exact_errors_and_normalization (tests.test_click_mutation.ClickMutationTests.test_mutation_validation_preserves_exact_errors_and_normalization) ... ok
test_claim_storage_errors_execute_nothing_and_never_create_success (tests.test_click_observation.ClickObservationStorageRecoveryTests.test_claim_storage_errors_execute_nothing_and_never_create_success) ... ok
test_corrupt_abandoned_claim_is_not_replaced (tests.test_click_observation.ClickObservationStorageRecoveryTests.test_corrupt_abandoned_claim_is_not_replaced) ... ok
test_execution_and_failure_storage_errors_do_not_raise_twice (tests.test_click_observation.ClickObservationStorageRecoveryTests.test_execution_and_failure_storage_errors_do_not_raise_twice) ... ok
test_exited_wrapper_without_terminal_result_keeps_claim_active (tests.test_click_observation.ClickObservationStorageRecoveryTests.test_exited_wrapper_without_terminal_result_keeps_claim_active) ... ok
test_fresh_unclaimed_and_live_claims_still_block_duplicate_requests (tests.test_click_observation.ClickObservationStorageRecoveryTests.test_fresh_unclaimed_and_live_claims_still_block_duplicate_requests) ... ok
test_orphaned_read_child_keeps_claim_active (tests.test_click_observation.ClickObservationStorageRecoveryTests.test_orphaned_read_child_keeps_claim_active) ... ok
test_process_identity_and_elapsed_time_cannot_release_claim (tests.test_click_observation.ClickObservationStorageRecoveryTests.test_process_identity_and_elapsed_time_cannot_release_claim) ... ok
test_record_binding_rejection_preserves_output_and_returns_failure (tests.test_click_observation.ClickObservationStorageRecoveryTests.test_record_binding_rejection_preserves_output_and_returns_failure) ... ok
test_result_storage_failure_preserves_output_without_success_receipt (tests.test_click_observation.ClickObservationStorageRecoveryTests.test_result_storage_failure_preserves_output_without_success_receipt) ... ok
test_cat_result_is_content_bound_and_owner_only (tests.test_click_observation_cache.ClickObservationCacheTests.test_cat_result_is_content_bound_and_owner_only) ... ok
test_entry_digest_detects_tampering (tests.test_click_observation_cache.ClickObservationCacheTests.test_entry_digest_detects_tampering) ... ok
test_expired_large_and_ambiguous_results_are_not_reused (tests.test_click_observation_cache.ClickObservationCacheTests.test_expired_large_and_ambiguous_results_are_not_reused) ... ok
test_fresh_bypasses_hit_and_corruption_falls_back_to_miss (tests.test_click_observation_cache.ClickObservationCacheTests.test_fresh_bypasses_hit_and_corruption_falls_back_to_miss) ... ok
test_sed_range_and_rg_inventory_have_distinct_current_keys (tests.test_click_observation_cache.ClickObservationCacheTests.test_sed_range_and_rg_inventory_have_distinct_current_keys) ... ok
test_backend_layers_do_not_import_authority_domains (tests.test_click_observer_backend.ClickObserverBackendTests.test_backend_layers_do_not_import_authority_domains) ... ok
test_capability_contract_rejects_contradictory_states (tests.test_click_observer_backend.ClickObserverBackendTests.test_capability_contract_rejects_contradictory_states) ... ok
test_capability_detection_failure_executes_target_once (tests.test_click_observer_backend.ClickObserverBackendTests.test_capability_detection_failure_executes_target_once) ... ok
test_linux_facade_dispatches_through_backend_boundary (tests.test_click_observer_backend.ClickObserverBackendTests.test_linux_facade_dispatches_through_backend_boundary) ... ok
test_macos_facade_dispatches_through_backend_boundary (tests.test_click_observer_backend.ClickObserverBackendTests.test_macos_facade_dispatches_through_backend_boundary) ... ok
test_selector_exposes_all_three_native_backends (tests.test_click_observer_backend.ClickObserverBackendTests.test_selector_exposes_all_three_native_backends) ... ok
test_support_report_separates_common_shadow_and_authoritative_tiers (tests.test_click_observer_backend.ClickObserverBackendTests.test_support_report_separates_common_shadow_and_authoritative_tiers) ... ok
test_unavailable_facade_executes_target_once_without_backend_probe (tests.test_click_observer_backend.ClickObserverBackendTests.test_unavailable_facade_executes_target_once_without_backend_probe) ... ok
test_windows_facade_dispatches_through_backend_boundary (tests.test_click_observer_backend.ClickObserverBackendTests.test_windows_facade_dispatches_through_backend_boundary) ... ok
test_native_fs_usage_reads_input_without_workspace_artifacts (tests.test_click_observer_macos.MacOSNativeSmokeTests.test_native_fs_usage_reads_input_without_workspace_artifacts) ... skipped 'native smoke is macOS-only'
test_antigravity_distribution_contains_the_exact_receipt_module (tests.test_click_receipt.ClickReceiptTests.test_antigravity_distribution_contains_the_exact_receipt_module) ... ok
test_argv_evidence_requires_all_fingerprints (tests.test_click_receipt.ClickReceiptTests.test_argv_evidence_requires_all_fingerprints) ... ok
test_capability_claims_are_ordered_completed_and_secret_free (tests.test_click_receipt.ClickReceiptTests.test_capability_claims_are_ordered_completed_and_secret_free) ... ok
test_contract_identity_and_turn_separation_are_strict (tests.test_click_receipt.ClickReceiptTests.test_contract_identity_and_turn_separation_are_strict) ... ok
test_dependency_reuse_requires_earlier_revision_and_digest (tests.test_click_receipt.ClickReceiptTests.test_dependency_reuse_requires_earlier_revision_and_digest) ... ok
test_duplicate_evidence_source_keys_fail_closed (tests.test_click_receipt.ClickReceiptTests.test_duplicate_evidence_source_keys_fail_closed) ... ok
test_every_evidence_source_must_match_the_final_revision (tests.test_click_receipt.ClickReceiptTests.test_every_evidence_source_must_match_the_final_revision) ... ok
test_non_argv_evidence_cannot_claim_argv_fingerprints (tests.test_click_receipt.ClickReceiptTests.test_non_argv_evidence_cannot_claim_argv_fingerprints) ... ok
test_normalization_orders_evidence_and_coverage_exclusions (tests.test_click_receipt.ClickReceiptTests.test_normalization_orders_evidence_and_coverage_exclusions) ... ok
test_semantically_identical_input_has_one_canonical_digest (tests.test_click_receipt.ClickReceiptTests.test_semantically_identical_input_has_one_canonical_digest) ... ok
test_unavailable_workspace_is_explicit_and_cannot_claim_tree_digests (tests.test_click_receipt.ClickReceiptTests.test_unavailable_workspace_is_explicit_and_cannot_claim_tree_digests) ... ok
test_unknown_sensitive_or_self_referential_fields_fail_closed (tests.test_click_receipt.ClickReceiptTests.test_unknown_sensitive_or_self_referential_fields_fail_closed) ... ok
test_unsigned_envelope_detects_body_or_digest_mismatch (tests.test_click_receipt.ClickReceiptTests.test_unsigned_envelope_detects_body_or_digest_mismatch) ... ok
test_v3_binds_one_complete_shard_set_and_v2_remains_strict (tests.test_click_receipt.ClickReceiptTests.test_v3_binds_one_complete_shard_set_and_v2_remains_strict) ... ok
test_v4_binds_successor_origin_and_rejects_downgraded_lineage (tests.test_click_receipt.ClickReceiptTests.test_v4_binds_successor_origin_and_rejects_downgraded_lineage) ... ok
test_v5_requires_guarded_separate_contract_and_preserves_shard_integrity (tests.test_click_receipt.ClickReceiptTests.test_v5_requires_guarded_separate_contract_and_preserves_shard_integrity) ... ok
test_view_distinguishes_missing_contract_id_from_an_empty_value (tests.test_click_runtime_state.ClickRuntimeStateTests.test_view_distinguishes_missing_contract_id_from_an_empty_value) ... ok
test_view_fails_closed_for_non_mapping_and_malformed_scalars (tests.test_click_runtime_state.ClickRuntimeStateTests.test_view_fails_closed_for_non_mapping_and_malformed_scalars) ... ok
test_view_normalizes_authority_scalars_without_changing_json (tests.test_click_runtime_state.ClickRuntimeStateTests.test_view_normalizes_authority_scalars_without_changing_json) ... ok
test_init_status_refresh_snapshot_and_exact_children (tests.test_click_sharding_setup.JestShardingSetupTests.test_init_status_refresh_snapshot_and_exact_children) ... ok
test_cost_probe_disables_only_the_derived_vitest_cache (tests.test_click_sharding_setup.VitestShardingSetupTests.test_cost_probe_disables_only_the_derived_vitest_cache) ... ok
test_init_status_and_refresh_preserve_exact_parent_fallback (tests.test_click_sharding_setup.VitestShardingSetupTests.test_init_status_and_refresh_preserve_exact_parent_fallback) ... ok
test_cross_revision_reuse_requires_complete_runtime_observation (tests.test_click_verification.ClickVerificationTests.test_cross_revision_reuse_requires_complete_runtime_observation) ... ok
test_gate_does_not_reexport_verification_helpers (tests.test_click_verification.ClickVerificationTests.test_gate_does_not_reexport_verification_helpers) ... ok
test_legacy_receipt_without_observation_fails_closed (tests.test_click_verification.ClickVerificationTests.test_legacy_receipt_without_observation_fails_closed) ... ok
test_receipt_promotions_validate_before_changing_sources (tests.test_click_verification.ClickVerificationTests.test_receipt_promotions_validate_before_changing_sources) ... ok
test_reuse_matchers_require_strict_current_and_successful_revisions (tests.test_click_verification.ClickVerificationTests.test_reuse_matchers_require_strict_current_and_successful_revisions) ... ok
test_safe_change_decision_cannot_move_to_another_source_or_scope (tests.test_click_verification.ClickVerificationTests.test_safe_change_decision_cannot_move_to_another_source_or_scope) ... ok
test_safe_change_promotion_revalidates_decision_before_mutation (tests.test_click_verification.ClickVerificationTests.test_safe_change_promotion_revalidates_decision_before_mutation) ... ok
test_successor_copies_only_allowed_facts_into_current_defaults (tests.test_click_verification.ClickVerificationTests.test_successor_copies_only_allowed_facts_into_current_defaults) ... ok
test_successor_requalification_failure_leaves_both_sources_unchanged (tests.test_click_verification.ClickVerificationTests.test_successor_requalification_failure_leaves_both_sources_unchanged) ... ok
test_successor_reuse_preserves_execution_timestamp (tests.test_click_verification.ClickVerificationTests.test_successor_reuse_preserves_execution_timestamp) ... ok
test_successor_revision_and_counter_preconditions_reject_without_mutation (tests.test_click_verification.ClickVerificationTests.test_successor_revision_and_counter_preconditions_reject_without_mutation) ... ok
test_tool_working_directory_prefers_explicit_absolute_or_relative_path (tests.test_click_verification.ClickVerificationTests.test_tool_working_directory_prefers_explicit_absolute_or_relative_path) ... ok
test_verification_entrypoints_and_exact_validation_stay_in_domain (tests.test_click_verification.ClickVerificationTests.test_verification_entrypoints_and_exact_validation_stay_in_domain) ... ok
test_verification_runtime_has_no_gate_host_router_or_service_dependency (tests.test_click_verification.ClickVerificationTests.test_verification_runtime_has_no_gate_host_router_or_service_dependency) ... ok
test_consumed_runner_cannot_recover_after_replay (tests.test_runner_state_recovery.RunnerStateRecoveryTests.test_consumed_runner_cannot_recover_after_replay) ... ok
test_contract_cancel_unlink_revokes_recovery_snapshot (tests.test_runner_state_recovery.RunnerStateRecoveryTests.test_contract_cancel_unlink_revokes_recovery_snapshot) ... ok
test_encoded_runner_recovers_deleted_state_file (tests.test_runner_state_recovery.RunnerStateRecoveryTests.test_encoded_runner_recovers_deleted_state_file) ... ok
test_exact_token_recovers_deleted_state_root_before_strict_resolution (tests.test_runner_state_recovery.RunnerStateRecoveryTests.test_exact_token_recovers_deleted_state_root_before_strict_resolution) ... ok
test_wrong_token_cannot_restore_missing_state (tests.test_runner_state_recovery.RunnerStateRecoveryTests.test_wrong_token_cannot_restore_missing_state) ... ok

----------------------------------------------------------------------
Ran 207 tests in 211.830s

OK (skipped=1)
