Inventory: 1030 tests; partitions: [207, 251, 253, 319]; no missing or duplicate ids.
test_active_mutation_fails_closed_without_a_contract (tests.test_antigravity_adapter.AntigravityAdapterTests.test_active_mutation_fails_closed_without_a_contract) ... ok
test_antigravity_manifest_and_hooks_use_documented_shapes (tests.test_antigravity_adapter.AntigravityAdapterTests.test_antigravity_manifest_and_hooks_use_documented_shapes) ... ok
test_approval_execution_does_not_request_another_contract (tests.test_antigravity_adapter.AntigravityAdapterTests.test_approval_execution_does_not_request_another_contract) ... ok
test_approved_contract_advises_plan_but_still_blocks_replacement (tests.test_antigravity_adapter.AntigravityAdapterTests.test_approved_contract_advises_plan_but_still_blocks_replacement) ... ok
test_context_denies_native_run_command_reads_but_leaves_hosted_tools_unmatched (tests.test_antigravity_adapter.AntigravityAdapterTests.test_context_denies_native_run_command_reads_but_leaves_hosted_tools_unmatched) ... ok
test_contract_lifecycle_mutation_and_evidence_share_the_core (tests.test_antigravity_adapter.AntigravityAdapterTests.test_contract_lifecycle_mutation_and_evidence_share_the_core) ... ok
test_control_inspect_surfaces_broad_inventory_advisory_without_blocking (tests.test_antigravity_adapter.AntigravityAdapterTests.test_control_inspect_surfaces_broad_inventory_advisory_without_blocking) ... ok
test_evidence_mode_allows_host_mutation_without_a_contract (tests.test_antigravity_adapter.AntigravityAdapterTests.test_evidence_mode_allows_host_mutation_without_a_contract) ... ok
test_evidence_shards_use_the_same_runtime_on_antigravity (tests.test_antigravity_adapter.AntigravityAdapterTests.test_evidence_shards_use_the_same_runtime_on_antigravity) ... ok
test_missing_context_allows_plan_tools_without_granting_mutation (tests.test_antigravity_adapter.AntigravityAdapterTests.test_missing_context_allows_plan_tools_without_granting_mutation) ... ok
test_missing_context_denies_run_command_but_allows_native_read_tool (tests.test_antigravity_adapter.AntigravityAdapterTests.test_missing_context_denies_run_command_but_allows_native_read_tool) ... ok
test_plain_cancel_is_recovered_from_the_transcript (tests.test_antigravity_adapter.AntigravityAdapterTests.test_plain_cancel_is_recovered_from_the_transcript) ... ok
test_post_tool_closes_the_approved_mutation_snapshot (tests.test_antigravity_adapter.AntigravityAdapterTests.test_post_tool_closes_the_approved_mutation_snapshot) ... ok
test_pre_invocation_injects_only_the_exact_absolute_control_launcher (tests.test_antigravity_adapter.AntigravityAdapterTests.test_pre_invocation_injects_only_the_exact_absolute_control_launcher) ... ok
test_repeated_pre_invocation_requests_staged_approval_only_once (tests.test_antigravity_adapter.AntigravityAdapterTests.test_repeated_pre_invocation_requests_staged_approval_only_once) ... ok
test_windows_encoded_runner_round_trips_without_shell_expansion (tests.test_antigravity_adapter.AntigravityAdapterTests.test_windows_encoded_runner_round_trips_without_shell_expansion) ... skipped 'Windows argv parser regression'
test_input_records_cover_content_membership_missing_and_symlink (tests.test_click_authoritative_reuse.AuthoritativeObserverRuntimeTests.test_input_records_cover_content_membership_missing_and_symlink) ... ok
test_new_import_candidate_and_binding_change_invalidate_reuse (tests.test_click_authoritative_reuse.AuthoritativeObserverRuntimeTests.test_new_import_candidate_and_binding_change_invalidate_reuse) ... ----------------------------------------------------------------------
Ran 1 test in 0.001s

OK
ok
test_real_backend_issues_a_current_content_bound_observation (tests.test_click_authoritative_reuse.AuthoritativeObserverRuntimeTests.test_real_backend_issues_a_current_content_bound_observation) ... ----------------------------------------------------------------------
Ran 1 test in 0.000s

OK
ok
test_time_child_and_event_loss_are_non_reusable_without_a_retry (tests.test_click_authoritative_reuse.AuthoritativeObserverRuntimeTests.test_time_child_and_event_loss_are_non_reusable_without_a_retry) ... ----------------------------------------------------------------------
Ran 1 test in 0.000s

OK
----------------------------------------------------------------------
Ran 1 test in 0.065s

OK
----------------------------------------------------------------------
Ran 1 test in 0.017s

OK
----------------------------------------------------------------------
Ran 1 test in 0.001s

OK
----------------------------------------------------------------------
Ran 1 test in 0.000s

OK
----------------------------------------------------------------------
Ran 1 test in 0.000s

OK
ok
test_unavailable_backend_executes_the_original_command_once (tests.test_click_authoritative_reuse.AuthoritativeObserverRuntimeTests.test_unavailable_backend_executes_the_original_command_once) ... ok
test_json_schema_validation_reuses_and_reruns_on_content_change (tests.test_click_content_validation.ContentValidationHookTests.test_json_schema_validation_reuses_and_reruns_on_content_change) ... ok
test_markdown_local_links_ignore_remote_state_but_track_local_targets (tests.test_click_content_validation.ContentValidationHookTests.test_markdown_local_links_ignore_remote_state_but_track_local_targets) ... ok
test_oversized_explicit_input_runs_but_never_becomes_reusable (tests.test_click_content_validation.ContentValidationHookTests.test_oversized_explicit_input_runs_but_never_becomes_reusable) ... ok
test_real_jq_parser_profile_accepts_no_write_or_eval_shape (tests.test_click_content_validation.ContentValidationHookTests.test_real_jq_parser_profile_accepts_no_write_or_eval_shape) ... ok
test_svg_dimensions_and_ignored_reference_are_explicit_inputs (tests.test_click_content_validation.ContentValidationHookTests.test_svg_dimensions_and_ignored_reference_are_explicit_inputs) ... ok
test_yaml_validation_binds_shared_schema_and_missing_reference (tests.test_click_content_validation.ContentValidationHookTests.test_yaml_validation_binds_shared_schema_and_missing_reference) ... ok
test_argv_evidence_may_bind_deterministic_dependency_patterns (tests.test_click_contract.ClickContractTests.test_argv_evidence_may_bind_deterministic_dependency_patterns) ... ok
test_contract_module_has_no_upward_runtime_dependency (tests.test_click_contract.ClickContractTests.test_contract_module_has_no_upward_runtime_dependency) ... ok
test_dependency_declaration_rejects_wrong_kind_and_ambiguous_patterns (tests.test_click_contract.ClickContractTests.test_dependency_declaration_rejects_wrong_kind_and_ambiguous_patterns) ... ok
test_gate_keeps_direct_contract_validator_compatibility_alias (tests.test_click_contract.ClickContractTests.test_gate_keeps_direct_contract_validator_compatibility_alias) ... ok
test_human_view_is_the_exact_plain_language_projection (tests.test_click_contract.ClickContractTests.test_human_view_is_the_exact_plain_language_projection) ... ok
test_profile_recommendation_does_not_limit_argv_source_count (tests.test_click_contract.ClickContractTests.test_profile_recommendation_does_not_limit_argv_source_count) ... ok
test_rendered_human_view_contains_the_exact_stage_projection (tests.test_click_contract.ClickContractTests.test_rendered_human_view_contains_the_exact_stage_projection) ... ok
test_representative_rejections_keep_exact_messages_and_order (tests.test_click_contract.ClickContractTests.test_representative_rejections_keep_exact_messages_and_order) ... ok
test_valid_contract_is_not_rejected_by_prose_length (tests.test_click_contract.ClickContractTests.test_valid_contract_is_not_rejected_by_prose_length) ... ok
test_valid_contract_is_returned_without_normalization (tests.test_click_contract.ClickContractTests.test_valid_contract_is_returned_without_normalization) ... ok
test_approved_contract_patterns_track_only_the_resolved_set (tests.test_click_dependency_cache.ClickDependencyCacheTests.test_approved_contract_patterns_track_only_the_resolved_set) ... ok
test_module_has_no_upward_runtime_dependency (tests.test_click_dependency_cache.ClickDependencyCacheTests.test_module_has_no_upward_runtime_dependency) ... ok
test_builder_merges_and_sorts_inputs_deterministically (tests.test_click_dependency_cache.ShadowObserverContractTests.test_builder_merges_and_sorts_inputs_deterministically) ... ok
test_canonical_fixtures_are_valid_and_digestible (tests.test_click_dependency_cache.ShadowObserverContractTests.test_canonical_fixtures_are_valid_and_digestible) ... ok
test_external_inputs_are_aggregate_only (tests.test_click_dependency_cache.ShadowObserverContractTests.test_external_inputs_are_aggregate_only) ... ok
test_input_and_serialized_size_limits_are_enforced (tests.test_click_dependency_cache.ShadowObserverContractTests.test_input_and_serialized_size_limits_are_enforced) ... ok
test_legacy_runtime_observation_shape_is_unchanged (tests.test_click_dependency_cache.ShadowObserverContractTests.test_legacy_runtime_observation_shape_is_unchanged) ... ok
test_malformed_types_and_contradictory_statuses_fail_closed (tests.test_click_dependency_cache.ShadowObserverContractTests.test_malformed_types_and_contradictory_statuses_fail_closed) ... ok
test_partial_record_derives_every_fail_closed_reason (tests.test_click_dependency_cache.ShadowObserverContractTests.test_partial_record_derives_every_fail_closed_reason) ... ok
test_unknown_private_or_noncanonical_data_fails_strict_validation (tests.test_click_dependency_cache.ShadowObserverContractTests.test_unknown_private_or_noncanonical_data_fails_strict_validation) ... ok
test_browser_registry_and_external_state_remain_content_free (tests.test_click_evidence.ClickEvidenceTests.test_browser_registry_and_external_state_remain_content_free) ... ok
test_current_revision_and_kind_queries_are_pure (tests.test_click_evidence.ClickEvidenceTests.test_current_revision_and_kind_queries_are_pure) ... ok
test_dependency_declaration_is_prose_free_and_integrity_checked (tests.test_click_evidence.ClickEvidenceTests.test_dependency_declaration_is_prose_free_and_integrity_checked) ... ok
test_dynamic_registration_rejects_malformed_existing_ledger_without_mutation (tests.test_click_evidence.ClickEvidenceTests.test_dynamic_registration_rejects_malformed_existing_ledger_without_mutation) ... ok
test_evidence_module_has_no_gate_state_or_process_dependency (tests.test_click_evidence.ClickEvidenceTests.test_evidence_module_has_no_gate_state_or_process_dependency) ... ok
test_evidence_runtime_registers_ids_without_dependency_authority (tests.test_click_evidence.ClickEvidenceTests.test_evidence_runtime_registers_ids_without_dependency_authority) ... ok
test_fresh_state_hashes_ids_and_omits_descriptions (tests.test_click_evidence.ClickEvidenceTests.test_fresh_state_hashes_ids_and_omits_descriptions) ... ok
test_gate_does_not_reexport_evidence_primitives (tests.test_click_evidence.ClickEvidenceTests.test_gate_does_not_reexport_evidence_primitives) ... ok
test_host_coverage_receipt_shape_is_integrity_checked (tests.test_click_evidence.ClickEvidenceTests.test_host_coverage_receipt_shape_is_integrity_checked) ... ok
test_ledger_revision_validation_preserves_unverified_sentinel (tests.test_click_evidence.ClickEvidenceTests.test_ledger_revision_validation_preserves_unverified_sentinel) ... ok
test_lifecycle_sources_helper_passes_the_contract_schema_version (tests.test_click_evidence.ClickEvidenceTests.test_lifecycle_sources_helper_passes_the_contract_schema_version) ... ok
test_observed_dependency_receipt_is_integrity_checked (tests.test_click_evidence.ClickEvidenceTests.test_observed_dependency_receipt_is_integrity_checked) ... ok
test_sources_from_state_preserves_legacy_and_malformed_distinction (tests.test_click_evidence.ClickEvidenceTests.test_sources_from_state_preserves_legacy_and_malformed_distinction) ... ok
test_sources_from_state_rejects_registry_tampering (tests.test_click_evidence.ClickEvidenceTests.test_sources_from_state_rejects_registry_tampering) ... ok
test_successful_revisions_are_strict_nonnegative_integers (tests.test_click_evidence.ClickEvidenceTests.test_successful_revisions_are_strict_nonnegative_integers) ... ok
test_successor_initializer_copies_only_explicit_nested_fact_and_measurement_fields (tests.test_click_evidence.ClickEvidenceTests.test_successor_initializer_copies_only_explicit_nested_fact_and_measurement_fields) ... ok
test_successor_initializer_preserves_current_declaration_and_normal_defaults (tests.test_click_evidence.ClickEvidenceTests.test_successor_initializer_preserves_current_declaration_and_normal_defaults) ... ok
test_activation_uses_regular_sources_and_tampering_fails_closed (tests.test_click_evidence_shards.ClickEvidenceShardsTests.test_activation_uses_regular_sources_and_tampering_fails_closed) ... ok
test_antigravity_distribution_contains_the_exact_shard_module (tests.test_click_evidence_shards.ClickEvidenceShardsTests.test_antigravity_distribution_contains_the_exact_shard_module) ... ok
test_committed_exact_map_resolves_stable_complete_children (tests.test_click_evidence_shards.ClickEvidenceShardsTests.test_committed_exact_map_resolves_stable_complete_children) ... ok
test_default_unittest_discovery_cannot_be_narrower_than_inventory (tests.test_click_evidence_shards.ClickEvidenceShardsTests.test_default_unittest_discovery_cannot_be_narrower_than_inventory) ... ok
test_edited_map_and_inventory_drift_fall_back_to_parent (tests.test_click_evidence_shards.ClickEvidenceShardsTests.test_edited_map_and_inventory_drift_fall_back_to_parent) ... ok
test_explicit_unittest_pattern_bounds_parent_discovery (tests.test_click_evidence_shards.ClickEvidenceShardsTests.test_explicit_unittest_pattern_bounds_parent_discovery) ... ok
test_ignored_parent_discovery_member_also_forces_fallback (tests.test_click_evidence_shards.ClickEvidenceShardsTests.test_ignored_parent_discovery_member_also_forces_fallback) ... ok
test_jest_new_file_and_ambiguous_options_fall_back_to_parent (tests.test_click_evidence_shards.ClickEvidenceShardsTests.test_jest_new_file_and_ambiguous_options_fall_back_to_parent) ... ok
test_overlap_or_unsupported_child_is_not_decomposition_authority (tests.test_click_evidence_shards.ClickEvidenceShardsTests.test_overlap_or_unsupported_child_is_not_decomposition_authority) ... ok
test_pytest_default_discovery_is_exact_and_new_file_falls_back (tests.test_click_evidence_shards.ClickEvidenceShardsTests.test_pytest_default_discovery_is_exact_and_new_file_falls_back) ... ok
test_runner_revalidates_committed_plan_before_execution (tests.test_click_evidence_shards.ClickEvidenceShardsTests.test_runner_revalidates_committed_plan_before_execution) ... ok
test_vitest_new_file_and_ambiguous_command_fall_back_to_parent (tests.test_click_evidence_shards.ClickEvidenceShardsTests.test_vitest_new_file_and_ambiguous_command_fall_back_to_parent) ... ok
test_all_compact_contract_areas_are_required (tests.test_click_gate_contract.ClickGateContractTests.test_all_compact_contract_areas_are_required) ... ok
test_argv_evidence_cannot_be_completed_by_attestation (tests.test_click_gate_contract.ClickGateContractTests.test_argv_evidence_cannot_be_completed_by_attestation) ... ok
test_boundary_requires_scope_but_allows_no_explicit_exclusion (tests.test_click_gate_contract.ClickGateContractTests.test_boundary_requires_scope_but_allows_no_explicit_exclusion) ... ok
test_contract_allows_only_one_browser_evidence_source (tests.test_click_gate_contract.ClickGateContractTests.test_contract_allows_only_one_browser_evidence_source) ... ok
test_contract_profile_does_not_limit_argv_reservations (tests.test_click_gate_contract.ClickGateContractTests.test_contract_profile_does_not_limit_argv_reservations) ... ok
test_contract_prose_length_does_not_control_staging_authority (tests.test_click_gate_contract.ClickGateContractTests.test_contract_prose_length_does_not_control_staging_authority) ... ok
test_contract_requires_structured_evidence_references (tests.test_click_gate_contract.ClickGateContractTests.test_contract_requires_structured_evidence_references) ... ok
test_invalid_contract_is_denied (tests.test_click_gate_contract.ClickGateContractTests.test_invalid_contract_is_denied) ... ok
test_legacy_verbose_contract_fields_are_rejected (tests.test_click_gate_contract.ClickGateContractTests.test_legacy_verbose_contract_fields_are_rejected) ... ok
test_mixed_evidence_requires_every_source_and_mutation_stales_all (tests.test_click_gate_contract.ClickGateContractTests.test_mixed_evidence_requires_every_source_and_mutation_stales_all) ... ok
test_non_argv_evidence_can_complete_without_a_local_batch (tests.test_click_gate_contract.ClickGateContractTests.test_non_argv_evidence_can_complete_without_a_local_batch) ... ok
test_one_structured_evidence_source_can_cover_multiple_conditions (tests.test_click_gate_contract.ClickGateContractTests.test_one_structured_evidence_source_can_cover_multiple_conditions) ... ok
test_optional_build_constraints_are_omitted_or_non_empty (tests.test_click_gate_contract.ClickGateContractTests.test_optional_build_constraints_are_omitted_or_non_empty) ... ok
test_partial_argv_batch_records_each_evidence_source (tests.test_click_gate_contract.ClickGateContractTests.test_partial_argv_batch_records_each_evidence_source) ... ok
test_partial_batch_retries_only_unresolved_source_to_completion (tests.test_click_gate_contract.ClickGateContractTests.test_partial_batch_retries_only_unresolved_source_to_completion) ... ok
test_plain_language_explanation_is_required (tests.test_click_gate_contract.ClickGateContractTests.test_plain_language_explanation_is_required) ... ok
test_unknown_contract_field_is_rejected (tests.test_click_gate_contract.ClickGateContractTests.test_unknown_contract_field_is_rejected) ... ok
test_verification_batches_may_cover_unresolved_sources_incrementally (tests.test_click_gate_contract.ClickGateContractTests.test_verification_batches_may_cover_unresolved_sources_incrementally) ... ok
test_verification_check_requires_a_declared_argv_evidence_id (tests.test_click_gate_contract.ClickGateContractTests.test_verification_check_requires_a_declared_argv_evidence_id) ... ok
test_verification_is_required_and_bounded (tests.test_click_gate_contract.ClickGateContractTests.test_verification_is_required_and_bounded) ... ok
test_storage_failure_never_relaxes_unknown_guarded_explicit_or_active_claims (tests.test_click_gate_inspection.ClickEvidenceStorageFailureTests.test_storage_failure_never_relaxes_unknown_guarded_explicit_or_active_claims) ... ok
test_unwritable_evidence_lock_keeps_validated_read_without_a_receipt (tests.test_click_gate_inspection.ClickEvidenceStorageFailureTests.test_unwritable_evidence_lock_keeps_validated_read_without_a_receipt) ... ok
test_unwritable_observation_prepare_uses_the_same_explicit_degradation (tests.test_click_gate_inspection.ClickEvidenceStorageFailureTests.test_unwritable_observation_prepare_uses_the_same_explicit_degradation) ... ok
test_long_running_local_server_uses_managed_service_lifecycle (tests.test_click_gate_service.ClickGateServiceTests.test_long_running_local_server_uses_managed_service_lifecycle) ... ok
test_managed_service_cancellation_before_claim_prevents_launch (tests.test_click_gate_service.ClickGateServiceTests.test_managed_service_cancellation_before_claim_prevents_launch) ... Click managed service runner received an unmanaged state path.
ok
test_managed_service_rejects_stale_or_future_start_before_launch (tests.test_click_gate_service.ClickGateServiceTests.test_managed_service_rejects_stale_or_future_start_before_launch) ... Click managed service start authorization expired before launch.
Click managed service start authorization expired before launch.
ok
test_managed_service_rejects_stale_supervisor_before_launch (tests.test_click_gate_service.ClickGateServiceTests.test_managed_service_rejects_stale_supervisor_before_launch) ... ok
test_managed_service_start_runner_is_one_use_and_preclaimed (tests.test_click_gate_service.ClickGateServiceTests.test_managed_service_start_runner_is_one_use_and_preclaimed) ... Click managed service runner token did not match active state.
Click managed service runner is no longer authorized to execute.
ok
test_managed_service_supervisor_launch_is_one_use (tests.test_click_gate_service.ClickGateServiceTests.test_managed_service_supervisor_launch_is_one_use) ... ok
test_service_snapshot_retries_windows_sharing_collision (tests.test_click_gate_service.ClickGateServiceTests.test_service_snapshot_retries_windows_sharing_collision) ... ok
test_service_stop_does_not_treat_unreadable_state_as_stopped (tests.test_click_gate_service.ClickGateServiceTests.test_service_stop_does_not_treat_unreadable_state_as_stopped) ... ok
test_capture_scopes_adapter_and_sink_then_restores_both (tests.test_click_host_router.ClickHostRouterTests.test_capture_scopes_adapter_and_sink_then_restores_both) ... ok
test_dispatch_uses_the_named_handler_for_each_host_event (tests.test_click_host_router.ClickHostRouterTests.test_dispatch_uses_the_named_handler_for_each_host_event) ... ok
test_gate_exposes_one_stable_host_router (tests.test_click_host_router.ClickHostRouterTests.test_gate_exposes_one_stable_host_router) ... ok
test_unknown_host_action_is_rejected (tests.test_click_host_router.ClickHostRouterTests.test_unknown_host_action_is_rejected) ... ok
test_entrypoints_import_in_package_and_direct_script_contexts (tests.test_click_import_bootstrap.ClickImportBootstrapTests.test_entrypoints_import_in_package_and_direct_script_contexts) ... ok
test_entrypoints_only_branch_to_import_the_shared_bootstrap (tests.test_click_import_bootstrap.ClickImportBootstrapTests.test_entrypoints_only_branch_to_import_the_shared_bootstrap) ... ok
test_gate_startup_does_not_load_optional_viewer_or_native_collectors (tests.test_click_import_bootstrap.ClickImportBootstrapTests.test_gate_startup_does_not_load_optional_viewer_or_native_collectors) ... ok
test_hook_client_does_not_import_the_heavy_gate (tests.test_click_import_bootstrap.ClickImportBootstrapTests.test_hook_client_does_not_import_the_heavy_gate) ... ok
test_load_siblings_rejects_non_sibling_module_paths (tests.test_click_import_bootstrap.ClickImportBootstrapTests.test_load_siblings_rejects_non_sibling_module_paths) ... ok
test_load_siblings_uses_the_active_package_context (tests.test_click_import_bootstrap.ClickImportBootstrapTests.test_load_siblings_uses_the_active_package_context) ... ok
test_batch_versions_one_through_four_remain_readable_without_command_facts (tests.test_click_incremental.ClickIncrementalPlanTests.test_batch_versions_one_through_four_remain_readable_without_command_facts) ... ok
test_cancellation_retains_finished_failure_and_never_counts_unstarted_as_run (tests.test_click_incremental.ClickIncrementalPlanTests.test_cancellation_retains_finished_failure_and_never_counts_unstarted_as_run) ... ok
test_canonical_plan_drives_only_non_reused_sources_into_runner (tests.test_click_incremental.ClickIncrementalPlanTests.test_canonical_plan_drives_only_non_reused_sources_into_runner) ... ok
test_command_outcome_fold_never_reconstructs_a_success_prefix (tests.test_click_incremental.ClickIncrementalPlanTests.test_command_outcome_fold_never_reconstructs_a_success_prefix) ... ok
test_command_outcomes_record_interruption_and_unknown_fail_closed (tests.test_click_incremental.ClickIncrementalPlanTests.test_command_outcomes_record_interruption_and_unknown_fail_closed) ... ok
test_control_events_deduplicate_observations_without_storing_reason_prose (tests.test_click_incremental.ClickIncrementalPlanTests.test_control_events_deduplicate_observations_without_storing_reason_prose) ... ok
test_history_contains_only_bounded_aggregate_fields (tests.test_click_incremental.ClickIncrementalPlanTests.test_history_contains_only_bounded_aggregate_fields) ... ok
test_history_drops_oldest_by_age_count_and_size (tests.test_click_incremental.ClickIncrementalPlanTests.test_history_drops_oldest_by_age_count_and_size) ... ok
test_history_projection_uses_one_retention_window_without_sharing_state (tests.test_click_incremental.ClickIncrementalPlanTests.test_history_projection_uses_one_retention_window_without_sharing_state) ... ok
test_history_size_boundary_preserves_order_and_detachment (tests.test_click_incremental.ClickIncrementalPlanTests.test_history_size_boundary_preserves_order_and_detachment) ... ok
test_measured_execution_updates_time_without_changing_decisions (tests.test_click_incremental.ClickIncrementalPlanTests.test_measured_execution_updates_time_without_changing_decisions) ... ok
test_non_reuse_decision_cannot_claim_avoided_time_or_reuse_authority (tests.test_click_incremental.ClickIncrementalPlanTests.test_non_reuse_decision_cannot_claim_avoided_time_or_reuse_authority) ... ok
test_plan_contains_no_argv_paths_or_natural_language_authority (tests.test_click_incremental.ClickIncrementalPlanTests.test_plan_contains_no_argv_paths_or_natural_language_authority) ... ok
test_request_timing_is_partial_and_unknown_clock_stays_null (tests.test_click_incremental.ClickIncrementalPlanTests.test_request_timing_is_partial_and_unknown_clock_stays_null) ... ok
test_retained_group_rate_exposes_denominator_window_and_missing_duration (tests.test_click_incremental.ClickIncrementalPlanTests.test_retained_group_rate_exposes_denominator_window_and_missing_duration) ... ok
test_timing_baseline_v2_separates_compatibility_from_reuse_revision (tests.test_click_incremental.ClickIncrementalPlanTests.test_timing_baseline_v2_separates_compatibility_from_reuse_revision) ... ok
test_v5_cancellation_between_commands_and_missing_completion_are_explicit (tests.test_click_incremental.ClickIncrementalPlanTests.test_v5_cancellation_between_commands_and_missing_completion_are_explicit) ... ok
test_v5_command_outcomes_keep_an_earlier_failure_when_another_source_passes (tests.test_click_incremental.ClickIncrementalPlanTests.test_v5_command_outcomes_keep_an_earlier_failure_when_another_source_passes) ... ok
test_real_hook_records_approval_and_id_denials_without_granting_authority (tests.test_click_incremental.ClickObservedControlTests.test_real_hook_records_approval_and_id_denials_without_granting_authority) ... ok
test_policy_reuses_only_unaffected_checks_and_repairs_failures (tests.test_click_mixed_project.MixedProjectReuseTests.test_policy_reuses_only_unaffected_checks_and_repairs_failures) ... ok
test_without_owner_policy_frontend_change_reruns_every_check (tests.test_click_mixed_project.MixedProjectReuseTests.test_without_owner_policy_frontend_change_reruns_every_check) ... ok
test_go_test_real_runner_reuse_failure_and_fix (tests.test_click_multilang_execution.MultilangExecutionHookTests.test_go_test_real_runner_reuse_failure_and_fix) ... ok
test_jest_no_install_runner_executes_and_reuses_exact_identity (tests.test_click_multilang_execution.MultilangExecutionHookTests.test_jest_no_install_runner_executes_and_reuses_exact_identity) ... ok
test_node_check_is_a_distinct_one_shot_validation_profile (tests.test_click_multilang_execution.MultilangExecutionHookTests.test_node_check_is_a_distinct_one_shot_validation_profile) ... ok
test_node_test_real_runner_reuse_failure_and_fix (tests.test_click_multilang_execution.MultilangExecutionHookTests.test_node_test_real_runner_reuse_failure_and_fix) ... ok
test_npm_lifecycle_hook_executes_but_never_reuses_incomplete_identity (tests.test_click_multilang_execution.MultilangExecutionHookTests.test_npm_lifecycle_hook_executes_but_never_reuses_incomplete_identity) ... ok
test_npm_script_binds_node_manifest_lock_and_runs_without_install (tests.test_click_multilang_execution.MultilangExecutionHookTests.test_npm_script_binds_node_manifest_lock_and_runs_without_install) ... ok
test_npx_cannot_download_an_unprovisioned_test_runner (tests.test_click_multilang_execution.MultilangExecutionHookTests.test_npx_cannot_download_an_unprovisioned_test_runner) ... ok
test_vitest_no_install_runner_executes_and_reuses_exact_identity (tests.test_click_multilang_execution.MultilangExecutionHookTests.test_vitest_no_install_runner_executes_and_reuses_exact_identity) ... ok
test_gate_does_not_reexport_observation_helpers (tests.test_click_observation.ClickObservationTests.test_gate_does_not_reexport_observation_helpers) ... ok
test_observation_depends_only_on_approved_runtime_leaves (tests.test_click_observation.ClickObservationTests.test_observation_depends_only_on_approved_runtime_leaves) ... ok
test_observation_running_semantics_preserve_claim_and_expiry (tests.test_click_observation.ClickObservationTests.test_observation_running_semantics_preserve_claim_and_expiry) ... ok
test_control_parser_accepts_only_public_observer_actions (tests.test_click_observer_control.ClickObserverControlTests.test_control_parser_accepts_only_public_observer_actions) ... ok
test_fresh_state_is_strictly_off_and_non_authoritative (tests.test_click_observer_control.ClickObserverControlTests.test_fresh_state_is_strictly_off_and_non_authoritative) ... ok
test_setting_is_blocked_while_verification_is_running (tests.test_click_observer_control.ClickObserverControlTests.test_setting_is_blocked_while_verification_is_running) ... ok
test_setting_preserves_revision_evidence_and_dashboard (tests.test_click_observer_control.ClickObserverControlTests.test_setting_preserves_revision_evidence_and_dashboard) ... ok
test_setting_requires_an_active_runtime (tests.test_click_observer_control.ClickObserverControlTests.test_setting_requires_an_active_runtime) ... ok
test_status_without_runtime_reports_safe_default (tests.test_click_observer_control.ClickObserverControlTests.test_status_without_runtime_reports_safe_default) ... ok
test_native_etw_observes_child_input_without_workspace_artifacts (tests.test_click_observer_windows.WindowsNativeSmokeTests.test_native_etw_observes_child_input_without_workspace_artifacts) ... skipped 'native smoke is Windows-only'
test_default_posix_renderer_preserves_argv (tests.test_click_runner_transport.ClickRunnerTransportTests.test_default_posix_renderer_preserves_argv) ... ok
test_gate_no_longer_exposes_runner_transport_privates (tests.test_click_runner_transport.ClickRunnerTransportTests.test_gate_no_longer_exposes_runner_transport_privates) ... ok
test_host_renderer_installation_is_explicit_and_reversible (tests.test_click_runner_transport.ClickRunnerTransportTests.test_host_renderer_installation_is_explicit_and_reversible) ... ok
test_inline_json_report_is_ascii_safe_for_windows_consoles (tests.test_click_runner_transport.ClickRunnerTransportTests.test_inline_json_report_is_ascii_safe_for_windows_consoles) ... ok
test_oversized_json_report_uses_a_bounded_one_shot_file (tests.test_click_runner_transport.ClickRunnerTransportTests.test_oversized_json_report_uses_a_bounded_one_shot_file) ... ok
test_transport_is_a_leaf_runtime_boundary (tests.test_click_runner_transport.ClickRunnerTransportTests.test_transport_is_a_leaf_runtime_boundary) ... ok
test_windows_bridge_configures_transport_without_gate_monkeypatch (tests.test_click_runner_transport.ClickRunnerTransportTests.test_windows_bridge_configures_transport_without_gate_monkeypatch) ... ok
test_control_parser_accepts_only_explicit_dashboard_actions (tests.test_click_shadow_dashboard.ClickShadowDashboardTests.test_control_parser_accepts_only_explicit_dashboard_actions) ... ok
test_dashboard_import_defers_http_server_and_assets (tests.test_click_shadow_dashboard.ClickShadowDashboardTests.test_dashboard_import_defers_http_server_and_assets) ... ok
test_dashboard_javascript_parses_and_keeps_contract_prose_out_of_share_report (tests.test_click_shadow_dashboard.ClickShadowDashboardTests.test_dashboard_javascript_parses_and_keeps_contract_prose_out_of_share_report) ... ok
test_dashboard_locale_keys_match_for_korean_english_and_chinese (tests.test_click_shadow_dashboard.ClickShadowDashboardTests.test_dashboard_locale_keys_match_for_korean_english_and_chinese) ... ok
test_guarded_contract_transition_keeps_viewer_history_without_authority (tests.test_click_shadow_dashboard.ClickShadowDashboardTests.test_guarded_contract_transition_keeps_viewer_history_without_authority) ... ok
test_prepare_start_persists_only_token_digests (tests.test_click_shadow_dashboard.ClickShadowDashboardTests.test_prepare_start_persists_only_token_digests) ... ok
test_server_binds_numeric_loopback_without_name_resolution (tests.test_click_shadow_dashboard.ClickShadowDashboardTests.test_server_binds_numeric_loopback_without_name_resolution) ... ok
test_server_idle_poll_reads_only_dashboard_sidecar (tests.test_click_shadow_dashboard.ClickShadowDashboardTests.test_server_idle_poll_reads_only_dashboard_sidecar) ... ok
test_server_is_loopback_read_only_authenticated_and_content_free (tests.test_click_shadow_dashboard.ClickShadowDashboardTests.test_server_is_loopback_read_only_authenticated_and_content_free) ... ok
test_session_end_requests_dashboard_cleanup_without_changing_evidence (tests.test_click_shadow_dashboard.ClickShadowDashboardTests.test_session_end_requests_dashboard_cleanup_without_changing_evidence) ... ok
test_snapshot_projection_and_socket_write_release_state_lock (tests.test_click_shadow_dashboard.ClickShadowDashboardTests.test_snapshot_projection_and_socket_write_release_state_lock) ... ok
test_start_runner_is_one_use_and_reports_fragment_token (tests.test_click_shadow_dashboard.ClickShadowDashboardTests.test_start_runner_is_one_use_and_reports_fragment_token) ... Click dashboard start authorization is stale or invalid.
ok
test_viewer_survives_next_evidence_task_and_cancel_as_history_only (tests.test_click_shadow_dashboard.ClickShadowDashboardTests.test_viewer_survives_next_evidence_task_and_cancel_as_history_only) ... ok
test_baseline_is_canonical_content_free_and_non_authoritative (tests.test_click_shadow_intelligence.ClickShadowIntelligenceTests.test_baseline_is_canonical_content_free_and_non_authoritative) ... ok
test_binding_change_known_at_prediction_time_remains_evaluable (tests.test_click_shadow_intelligence.ClickShadowIntelligenceTests.test_binding_change_known_at_prediction_time_remains_evaluable) ... ok
test_binding_drift_is_explained_before_fingerprinting (tests.test_click_shadow_intelligence.ClickShadowIntelligenceTests.test_binding_drift_is_explained_before_fingerprinting) ... ok
test_candidate_evaluation_reports_zero_actual_saving (tests.test_click_shadow_intelligence.ClickShadowIntelligenceTests.test_candidate_evaluation_reports_zero_actual_saving) ... ok
test_collector_drift_makes_post_run_result_not_evaluable (tests.test_click_shadow_intelligence.ClickShadowIntelligenceTests.test_collector_drift_makes_post_run_result_not_evaluable) ... ok
test_directory_membership_and_missing_path_appearance_invalidate (tests.test_click_shadow_intelligence.ClickShadowIntelligenceTests.test_directory_membership_and_missing_path_appearance_invalidate) ... ok
test_execution_binding_drift_is_not_counted_as_a_prediction_result (tests.test_click_shadow_intelligence.ClickShadowIntelligenceTests.test_execution_binding_drift_is_not_counted_as_a_prediction_result) ... ok
test_failed_candidate_is_a_contradiction_not_a_safety_claim (tests.test_click_shadow_intelligence.ClickShadowIntelligenceTests.test_failed_candidate_is_a_contradiction_not_a_safety_claim) ... ok
test_file_change_requires_a_shadow_rerun (tests.test_click_shadow_intelligence.ClickShadowIntelligenceTests.test_file_change_requires_a_shadow_rerun) ... ok
test_first_run_is_not_evaluable_without_a_baseline (tests.test_click_shadow_intelligence.ClickShadowIntelligenceTests.test_first_run_is_not_evaluable_without_a_baseline) ... ok
test_state_and_dashboard_projection_remain_bounded_and_sanitized (tests.test_click_shadow_intelligence.ClickShadowIntelligenceTests.test_state_and_dashboard_projection_remain_bounded_and_sanitized) ... ok
test_unchanged_inputs_are_only_a_shadow_reuse_candidate (tests.test_click_shadow_intelligence.ClickShadowIntelligenceTests.test_unchanged_inputs_are_only_a_shadow_reuse_candidate) ... ok
test_unknown_fields_and_prediction_tampering_fail_closed (tests.test_click_shadow_intelligence.ClickShadowIntelligenceTests.test_unknown_fields_and_prediction_tampering_fail_closed) ... ok
test_sharding_modules_do_not_reach_across_removed_private_edges (tests.test_click_sharding_boundaries.ClickShardingBoundaryTests.test_sharding_modules_do_not_reach_across_removed_private_edges) ... ok
test_shared_public_boundaries_accept_supported_shapes (tests.test_click_sharding_boundaries.ClickShardingBoundaryTests.test_shared_public_boundaries_accept_supported_shapes) ... ok
test_concurrent_initialization_and_existing_target_fail_closed (tests.test_click_sharding_setup.ShardingSetupStateMachineTests.test_concurrent_initialization_and_existing_target_fail_closed) ... ok
test_generated_policy_update_resumes_partial_apply_and_tracks_test_structure (tests.test_click_sharding_setup.ShardingSetupStateMachineTests.test_generated_policy_update_resumes_partial_apply_and_tracks_test_structure) ... ok
test_proposal_apply_commit_and_bootstrap_are_separate_idempotent_steps (tests.test_click_sharding_setup.ShardingSetupStateMachineTests.test_proposal_apply_commit_and_bootstrap_are_separate_idempotent_steps) ... ok
test_short_parent_skips_child_cost_probes_and_keeps_whole_suite (tests.test_click_sharding_setup.ShardingSetupStateMachineTests.test_short_parent_skips_child_cost_probes_and_keeps_whole_suite) ... ok
test_status_is_read_only_and_does_not_collect_or_execute_project_checks (tests.test_click_sharding_setup.ShardingSetupStateMachineTests.test_status_is_read_only_and_does_not_collect_or_execute_project_checks) ... ok
test_unsupported_command_and_bootstrap_failure_stay_non_ready (tests.test_click_sharding_setup.ShardingSetupStateMachineTests.test_unsupported_command_and_bootstrap_failure_stay_non_ready) ... ok
test_user_policy_is_never_overwritten_and_discovery_drift_needs_review (tests.test_click_sharding_setup.ShardingSetupStateMachineTests.test_user_policy_is_never_overwritten_and_discovery_drift_needs_review) ... ok
test_actual_workflow_output_imports_with_costs_and_all_paired_samples (tests.test_incremental_benchmark.IncrementalVerificationBenchmarkTests.test_actual_workflow_output_imports_with_costs_and_all_paired_samples) ... ok
test_first_run_failure_and_evidence_session_boundary_are_honest (tests.test_incremental_benchmark.IncrementalVerificationBenchmarkTests.test_first_run_failure_and_evidence_session_boundary_are_honest) ... ok
test_fixture_emits_measured_and_estimated_values_separately (tests.test_incremental_benchmark.IncrementalVerificationBenchmarkTests.test_fixture_emits_measured_and_estimated_values_separately) ... ok
test_guarded_workflow_compares_three_configs_and_audits_real_successor_reuse (tests.test_incremental_benchmark.IncrementalVerificationBenchmarkTests.test_guarded_workflow_compares_three_configs_and_audits_real_successor_reuse) ... ok
test_measurement_order_crosses_positions_and_repository_reference_uses_real_inventory (tests.test_incremental_benchmark.IncrementalVerificationBenchmarkTests.test_measurement_order_crosses_positions_and_repository_reference_uses_real_inventory) ... ok
test_negative_delta_zero_baseline_and_variation (tests.test_incremental_benchmark.IncrementalVerificationBenchmarkTests.test_negative_delta_zero_baseline_and_variation) ... ok
test_partial_reuse_uses_real_successor_evidence_and_runs_the_other_shard (tests.test_incremental_benchmark.IncrementalVerificationBenchmarkTests.test_partial_reuse_uses_real_successor_evidence_and_runs_the_other_shard) ... ok
test_repository_group_timeout_is_bounded_and_not_eligible (tests.test_incremental_benchmark.IncrementalVerificationBenchmarkTests.test_repository_group_timeout_is_bounded_and_not_eligible) ... ok
test_stdout_json_round_trips_with_a_legacy_windows_encoding (tests.test_incremental_benchmark.IncrementalVerificationBenchmarkTests.test_stdout_json_round_trips_with_a_legacy_windows_encoding) ... ok
test_v4_report_validation_rejects_units_scopes_sources_and_tampered_math (tests.test_incremental_benchmark.IncrementalVerificationBenchmarkTests.test_v4_report_validation_rejects_units_scopes_sources_and_tampered_math) ... ok
test_windows_fixture_runner_keeps_the_preflight_interpreter_and_capability (tests.test_incremental_benchmark.IncrementalVerificationBenchmarkTests.test_windows_fixture_runner_keeps_the_preflight_interpreter_and_capability) ... ok
test_authoritative_observer_v2_is_guarded_bound_and_separate (tests.test_repository_policy.RepositoryPolicyTests.test_authoritative_observer_v2_is_guarded_bound_and_separate) ... ok
test_browser_advisory_is_separate_from_receipt_integrity (tests.test_repository_policy.RepositoryPolicyTests.test_browser_advisory_is_separate_from_receipt_integrity) ... ok
test_ci_enforces_distribution_compilation_and_diff_validation (tests.test_repository_policy.RepositoryPolicyTests.test_ci_enforces_distribution_compilation_and_diff_validation) ... ok
test_click_supports_always_on_while_fix_remains_explicit (tests.test_repository_policy.RepositoryPolicyTests.test_click_supports_always_on_while_fix_remains_explicit) ... ok
test_compact_contract_replaces_the_verbose_execution_fields (tests.test_repository_policy.RepositoryPolicyTests.test_compact_contract_replaces_the_verbose_execution_fields) ... ok
test_completion_docs_match_per_source_and_service_state (tests.test_repository_policy.RepositoryPolicyTests.test_completion_docs_match_per_source_and_service_state) ... ok
test_completion_receipt_has_a_pure_body_and_separate_runtime (tests.test_repository_policy.RepositoryPolicyTests.test_completion_receipt_has_a_pure_body_and_separate_runtime) ... ok
test_contract_id_is_the_canonical_approval_handoff (tests.test_repository_policy.RepositoryPolicyTests.test_contract_id_is_the_canonical_approval_handoff) ... ok
test_dependency_aware_receipts_are_opt_in_and_documented (tests.test_repository_policy.RepositoryPolicyTests.test_dependency_aware_receipts_are_opt_in_and_documented) ... ok
test_evidence_economy_uses_structured_primary_source_references (tests.test_repository_policy.RepositoryPolicyTests.test_evidence_economy_uses_structured_primary_source_references) ... ok
test_evidence_ledger_is_isolated_from_gate_state_and_process (tests.test_repository_policy.RepositoryPolicyTests.test_evidence_ledger_is_isolated_from_gate_state_and_process) ... ok
test_evidence_shards_are_decomposition_only_and_fail_closed (tests.test_repository_policy.RepositoryPolicyTests.test_evidence_shards_are_decomposition_only_and_fail_closed) ... ok
test_golden_cases_cover_evidence_guarded_and_review_routing (tests.test_repository_policy.RepositoryPolicyTests.test_golden_cases_cover_evidence_guarded_and_review_routing) ... ok
test_json_artifacts_are_valid (tests.test_repository_policy.RepositoryPolicyTests.test_json_artifacts_are_valid) ... ok
test_lifecycle_orchestration_is_isolated_from_host_routing (tests.test_repository_policy.RepositoryPolicyTests.test_lifecycle_orchestration_is_isolated_from_host_routing) ... ok
test_managed_service_lifecycle_is_isolated_from_gate_policy (tests.test_repository_policy.RepositoryPolicyTests.test_managed_service_lifecycle_is_isolated_from_gate_policy) ... ok
test_manifest_declares_click_one_shot_release (tests.test_repository_policy.RepositoryPolicyTests.test_manifest_declares_click_one_shot_release) ... ok
test_marketplace_exposes_click_from_the_click_catalog (tests.test_repository_policy.RepositoryPolicyTests.test_marketplace_exposes_click_from_the_click_catalog) ... ok
test_multiplatform_adapter_is_documented_without_false_parity (tests.test_repository_policy.RepositoryPolicyTests.test_multiplatform_adapter_is_documented_without_false_parity) ... ok
test_mutation_runtime_is_isolated_from_gate_and_sibling_domains (tests.test_repository_policy.RepositoryPolicyTests.test_mutation_runtime_is_isolated_from_gate_and_sibling_domains) ... ok
test_persistent_modes_and_read_only_review_are_documented (tests.test_repository_policy.RepositoryPolicyTests.test_persistent_modes_and_read_only_review_are_documented) ... ok
test_plain_language_stays_digest_bound_and_is_rendered_once (tests.test_repository_policy.RepositoryPolicyTests.test_plain_language_stays_digest_bound_and_is_rendered_once) ... ok
test_process_mechanics_are_isolated_from_gate_policy (tests.test_repository_policy.RepositoryPolicyTests.test_process_mechanics_are_isolated_from_gate_policy) ... ok
test_product_constitution_is_canonical_and_classifies_guards (tests.test_repository_policy.RepositoryPolicyTests.test_product_constitution_is_canonical_and_classifies_guards) ... ok
test_public_tree_contains_no_ballast_state (tests.test_repository_policy.RepositoryPolicyTests.test_public_tree_contains_no_ballast_state) ... ok
test_readmes_document_distinct_turn_approval_and_git_mutation_guard (tests.test_repository_policy.RepositoryPolicyTests.test_readmes_document_distinct_turn_approval_and_git_mutation_guard) ... ok
test_readmes_document_observable_anti_loop_guards_and_limits (tests.test_repository_policy.RepositoryPolicyTests.test_readmes_document_observable_anti_loop_guards_and_limits) ... ok
test_readmes_document_qualitative_profiles_and_exact_receipts (tests.test_repository_policy.RepositoryPolicyTests.test_readmes_document_qualitative_profiles_and_exact_receipts) ... ok
test_readmes_document_structured_capabilities_and_shell_boundary (tests.test_repository_policy.RepositoryPolicyTests.test_readmes_document_structured_capabilities_and_shell_boundary) ... ok
test_readmes_document_trusted_reads_and_pre_execution_claims (tests.test_repository_policy.RepositoryPolicyTests.test_readmes_document_trusted_reads_and_pre_execution_claims) ... ok
test_readmes_explain_the_core_purpose_and_v021_update (tests.test_repository_policy.RepositoryPolicyTests.test_readmes_explain_the_core_purpose_and_v021_update) ... ok
test_readmes_preserve_modes_references_and_reproducible_evidence_boundaries (tests.test_repository_policy.RepositoryPolicyTests.test_readmes_preserve_modes_references_and_reproducible_evidence_boundaries) ... ok
test_readmes_use_plugin_mention_as_the_default_invocation (tests.test_repository_policy.RepositoryPolicyTests.test_readmes_use_plugin_mention_as_the_default_invocation) ... ok
test_release_automation_has_no_version_specific_one_off_workflow (tests.test_repository_policy.RepositoryPolicyTests.test_release_automation_has_no_version_specific_one_off_workflow) ... ok
test_release_documents_identify_current_and_preserve_release_history (tests.test_repository_policy.RepositoryPolicyTests.test_release_documents_identify_current_and_preserve_release_history) ... ok
test_runtime_hook_has_no_external_python_dependency (tests.test_repository_policy.RepositoryPolicyTests.test_runtime_hook_has_no_external_python_dependency) ... ok
test_shadow_intelligence_is_non_authoritative_local_telemetry (tests.test_repository_policy.RepositoryPolicyTests.test_shadow_intelligence_is_non_authoritative_local_telemetry) ... ok
test_shadow_observer_contract_is_non_authoritative_and_content_free (tests.test_repository_policy.RepositoryPolicyTests.test_shadow_observer_contract_is_non_authoritative_and_content_free) ... ok
test_verification_policy_and_meter_are_separate_runtime_boundaries (tests.test_repository_policy.RepositoryPolicyTests.test_verification_policy_and_meter_are_separate_runtime_boundaries) ... ok
test_adapter_uses_direct_boundaries_and_preserves_overlapping_activity (tests.test_task_efficiency.TaskEfficiencyHostAdapterTests.test_adapter_uses_direct_boundaries_and_preserves_overlapping_activity) ... ok
test_cli_writes_only_public_projection (tests.test_task_efficiency.TaskEfficiencyHostAdapterTests.test_cli_writes_only_public_projection) ... ok
test_completion_quality_mismatch_blocks_both_effect_ratios (tests.test_task_efficiency.TaskEfficiencyPairTests.test_completion_quality_mismatch_blocks_both_effect_ratios) ... ok
test_missing_boundaries_usage_and_zero_denominators_are_null (tests.test_task_efficiency.TaskEfficiencyPairTests.test_missing_boundaries_usage_and_zero_denominators_are_null) ... ok
test_positive_zero_negative_and_tiny_signs_are_preserved (tests.test_task_efficiency.TaskEfficiencyPairTests.test_positive_zero_negative_and_tiny_signs_are_preserved) ... ok

----------------------------------------------------------------------
Ran 253 tests in 227.446s

OK (skipped=2)
Click managed service started
Click managed service stopped
Actual benchmark/importer evidence: /tmp/click-ci-quau1sc5/click-impact-benchmark-74gg6f1e/workflow.json
