Inventory: 1030 tests; partitions: [207, 251, 253, 319]; no missing or duplicate ids.
test_darwin_adapter_issues_a_profile_bound_signed_observation (tests.test_click_authoritative_observer.PortableAuthoritativeAdapterTests.test_darwin_adapter_issues_a_profile_bound_signed_observation) ... ok
test_darwin_ambiguous_collector_exception_never_reruns_target (tests.test_click_authoritative_observer.PortableAuthoritativeAdapterTests.test_darwin_ambiguous_collector_exception_never_reruns_target) ... ok
test_darwin_native_reason_is_non_reusable_without_rerunning (tests.test_click_authoritative_observer.PortableAuthoritativeAdapterTests.test_darwin_native_reason_is_non_reusable_without_rerunning) ... ok
test_native_file_event_uses_the_snapshotted_object_kind (tests.test_click_authoritative_observer.PortableAuthoritativeAdapterTests.test_native_file_event_uses_the_snapshotted_object_kind) ... ok
test_native_metadata_ignores_ancestors_of_bound_runtime_roots (tests.test_click_authoritative_observer.PortableAuthoritativeAdapterTests.test_native_metadata_ignores_ancestors_of_bound_runtime_roots) ... ok
test_profile_backend_pairs_are_strict (tests.test_click_authoritative_observer.PortableAuthoritativeAdapterTests.test_profile_backend_pairs_are_strict) ... ok
test_windows_adapter_issues_a_profile_bound_signed_observation (tests.test_click_authoritative_observer.PortableAuthoritativeAdapterTests.test_windows_adapter_issues_a_profile_bound_signed_observation) ... ok
test_windows_collector_exception_after_spawn_never_reruns_target (tests.test_click_authoritative_observer.PortableAuthoritativeAdapterTests.test_windows_collector_exception_after_spawn_never_reruns_target) ... ok
test_windows_complete_observation_uses_profile_currentness (tests.test_click_authoritative_observer.PortableAuthoritativeAdapterTests.test_windows_complete_observation_uses_profile_currentness) ... ok
test_windows_missing_native_events_fail_closed_without_rerunning (tests.test_click_authoritative_observer.PortableAuthoritativeAdapterTests.test_windows_missing_native_events_fail_closed_without_rerunning) ... ok
test_windows_native_reason_is_non_reusable_without_rerunning (tests.test_click_authoritative_observer.PortableAuthoritativeAdapterTests.test_windows_native_reason_is_non_reusable_without_rerunning) ... ok
test_input_snapshot_keys_use_platform_case_normalization (tests.test_click_authoritative_observer.PortableObserverRuntimeContractTests.test_input_snapshot_keys_use_platform_case_normalization) ... ok
test_input_snapshot_read_flags_are_portable (tests.test_click_authoritative_observer.PortableObserverRuntimeContractTests.test_input_snapshot_read_flags_are_portable) ... ok
test_portable_build_commands_select_native_artifact_shapes (tests.test_click_authoritative_observer.PortableObserverRuntimeContractTests.test_portable_build_commands_select_native_artifact_shapes) ... ok
test_portable_source_identity_binds_the_bootstrap_and_profile (tests.test_click_authoritative_observer.PortableObserverRuntimeContractTests.test_portable_source_identity_binds_the_bootstrap_and_profile) ... ok
test_runtime_state_accepts_only_the_profile_backend_pair (tests.test_click_authoritative_observer.PortableObserverRuntimeContractTests.test_runtime_state_accepts_only_the_profile_backend_pair) ... ok
test_system32_snapshot_indexes_one_resource_directory_level (tests.test_click_authoritative_observer.PortableObserverRuntimeContractTests.test_system32_snapshot_indexes_one_resource_directory_level) ... ok
test_windows_bootstrap_restores_and_chains_existing_customization (tests.test_click_authoritative_observer.PortableObserverRuntimeContractTests.test_windows_bootstrap_restores_and_chains_existing_customization) ... ok
test_windows_portable_roots_cover_runtime_and_system_inputs (tests.test_click_authoritative_observer.PortableObserverRuntimeContractTests.test_windows_portable_roots_cover_runtime_and_system_inputs) ... ok
test_separate_contract_reuses_only_the_unaffected_shard (tests.test_click_authoritative_reuse.AuthoritativeCrossContractReuseTests.test_separate_contract_reuses_only_the_unaffected_shard) ... ok
test_shadow_record_and_forged_envelope_are_not_v2_authority (tests.test_click_authoritative_reuse.AuthoritativeCrossContractReuseTests.test_shadow_record_and_forged_envelope_are_not_v2_authority) ... ok
test_cli_writes_candidate_artifact_outside_project (tests.test_click_auto_sharding.RealCollectionTests.test_cli_writes_candidate_artifact_outside_project) ... ok
test_collection_mutation_detected_including_ignored_files_no_revert (tests.test_click_auto_sharding.RealCollectionTests.test_collection_mutation_detected_including_ignored_files_no_revert) ... ok
test_custom_id (tests.test_click_auto_sharding.RealCollectionTests.test_custom_id) ... ok
test_custom_loader (tests.test_click_auto_sharding.RealCollectionTests.test_custom_loader) ... ok
test_dynamic_and_unstable_test_ids (tests.test_click_auto_sharding.RealCollectionTests.test_dynamic_and_unstable_test_ids) ... ok
test_empty_discovered_module_is_recorded_and_parent_arguments_are_preserved (tests.test_click_auto_sharding.RealCollectionTests.test_empty_discovered_module_is_recorded_and_parent_arguments_are_preserved) ... ok
test_external_symlink_is_explicitly_unsupported (tests.test_click_auto_sharding.RealCollectionTests.test_external_symlink_is_explicitly_unsupported) ... ok
test_import_error_is_not_success_and_does_not_leak_exception (tests.test_click_auto_sharding.RealCollectionTests.test_import_error_is_not_success_and_does_not_leak_exception) ... ok
test_jest_file_inventory_is_repeatable_and_run_by_path_is_exact (tests.test_click_auto_sharding.RealCollectionTests.test_jest_file_inventory_is_repeatable_and_run_by_path_is_exact) ... ok
test_library_inventory_is_real_and_transitive (tests.test_click_auto_sharding.RealCollectionTests.test_library_inventory_is_real_and_transitive) ... ok
test_load_tests_and_duplicate_ids (tests.test_click_auto_sharding.RealCollectionTests.test_load_tests_and_duplicate_ids) ... ok
test_missing_pytest_is_an_explicit_safe_unsupported_result (tests.test_click_auto_sharding.RealCollectionTests.test_missing_pytest_is_an_explicit_safe_unsupported_result) ... ok
test_pytest_availability_uses_the_selected_interpreter (tests.test_click_auto_sharding.RealCollectionTests.test_pytest_availability_uses_the_selected_interpreter) ... ok
test_pytest_collection_is_real_repeatable_and_never_runs_tests (tests.test_click_auto_sharding.RealCollectionTests.test_pytest_collection_is_real_repeatable_and_never_runs_tests) ... skipped 'pytest is unavailable'
test_second_independent_layout_nested_and_filter (tests.test_click_auto_sharding.RealCollectionTests.test_second_independent_layout_nested_and_filter) ... ok
test_shipped_entrypoint_collects_target_not_click (tests.test_click_auto_sharding.RealCollectionTests.test_shipped_entrypoint_collects_target_not_click) ... ok
test_timeout_and_excessive_output_are_failures (tests.test_click_auto_sharding.RealCollectionTests.test_timeout_and_excessive_output_are_failures) ... ok
test_unknowns_and_literal_data_are_preserved (tests.test_click_auto_sharding.RealCollectionTests.test_unknowns_and_literal_data_are_preserved) ... ok
test_vitest_collection_is_repeatable_and_exact_file_selectors_are_safe (tests.test_click_auto_sharding.RealCollectionTests.test_vitest_collection_is_repeatable_and_exact_file_selectors_are_safe) ... ok
test_zero_tests (tests.test_click_auto_sharding.RealCollectionTests.test_zero_tests) ... ok
test_advisory_module_is_an_independent_leaf_boundary (tests.test_click_browser_advisory.ClickBrowserAdvisoryTests.test_advisory_module_is_an_independent_leaf_boundary) ... ok
test_repeat_guidance_uses_observed_results_not_model_identity (tests.test_click_browser_advisory.ClickBrowserAdvisoryTests.test_repeat_guidance_uses_observed_results_not_model_identity) ... ok
test_timing_thresholds_produce_guidance_without_a_decision (tests.test_click_browser_advisory.ClickBrowserAdvisoryTests.test_timing_thresholds_produce_guidance_without_a_decision) ... ok
test_baseline_dirty_file_uses_its_effective_content (tests.test_click_change_policy.ClickChangePolicyTests.test_baseline_dirty_file_uses_its_effective_content) ... ok
test_bound_decision_matches_exact_check_baseline_and_current_scope (tests.test_click_change_policy.ClickChangePolicyTests.test_bound_decision_matches_exact_check_baseline_and_current_scope) ... ok
test_bound_decision_rejects_changed_payload_and_policy (tests.test_click_change_policy.ClickChangePolicyTests.test_bound_decision_rejects_changed_payload_and_policy) ... ok
test_code_change_forces_rerun (tests.test_click_change_policy.ClickChangePolicyTests.test_code_change_forces_rerun) ... ok
test_committed_changes_are_compared_across_heads (tests.test_click_change_policy.ClickChangePolicyTests.test_committed_changes_are_compared_across_heads) ... ok
test_committed_policy_change_forces_one_rerun (tests.test_click_change_policy.ClickChangePolicyTests.test_committed_policy_change_forces_one_rerun) ... ok
test_declared_readme_change_is_reusable (tests.test_click_change_policy.ClickChangePolicyTests.test_declared_readme_change_is_reusable) ... ok
test_module_has_no_upward_runtime_dependency (tests.test_click_change_policy.ClickChangePolicyTests.test_module_has_no_upward_runtime_dependency) ... ok
test_nested_docs_add_delete_and_rename_are_reusable (tests.test_click_change_policy.ClickChangePolicyTests.test_nested_docs_add_delete_and_rename_are_reusable) ... ok
test_policy_cannot_mark_click_authority_files_safe (tests.test_click_change_policy.ClickChangePolicyTests.test_policy_cannot_mark_click_authority_files_safe) ... ok
test_reverted_content_has_no_net_change (tests.test_click_change_policy.ClickChangePolicyTests.test_reverted_content_has_no_net_change) ... ok
test_safe_and_unsafe_changes_together_force_rerun (tests.test_click_change_policy.ClickChangePolicyTests.test_safe_and_unsafe_changes_together_force_rerun) ... ok
test_tampered_baseline_fails_closed (tests.test_click_change_policy.ClickChangePolicyTests.test_tampered_baseline_fails_closed) ... ok
test_unbound_or_malformed_context_is_not_reuse_authority (tests.test_click_change_policy.ClickChangePolicyTests.test_unbound_or_malformed_context_is_not_reuse_authority) ... ok
test_uncommitted_policy_change_is_not_authority (tests.test_click_change_policy.ClickChangePolicyTests.test_uncommitted_policy_change_is_not_authority) ... ok
test_wrong_check_group_has_no_policy_receipt (tests.test_click_change_policy.ClickChangePolicyTests.test_wrong_check_group_has_no_policy_receipt) ... ok
test_capabilities_are_explicit_for_supported_and_unknown_systems (tests.test_click_collector_runtime.ClickCollectorRuntimeTests.test_capabilities_are_explicit_for_supported_and_unknown_systems) ... ok
test_cpython_support_range_is_bounded (tests.test_click_collector_runtime.ClickCollectorRuntimeTests.test_cpython_support_range_is_bounded) ... ok
test_pytest_worker_canonicalizes_collected_items_without_running_them (tests.test_click_collector_runtime.ClickCollectorRuntimeTests.test_pytest_worker_canonicalizes_collected_items_without_running_them) ... ok
test_supervisor_bounds_output_and_time_without_shell (tests.test_click_collector_runtime.ClickCollectorRuntimeTests.test_supervisor_bounds_output_and_time_without_shell) ... ok
test_supervisor_can_return_bounded_stdout_and_stderr (tests.test_click_collector_runtime.ClickCollectorRuntimeTests.test_supervisor_can_return_bounded_stdout_and_stderr) ... ok
test_documented_legacy_forwarders_keep_their_exact_owner (tests.test_click_compatibility_surface.ClickCompatibilitySurfaceTests.test_documented_legacy_forwarders_keep_their_exact_owner) ... ok
test_only_declared_host_adapters_depend_on_the_gate_facade (tests.test_click_compatibility_surface.ClickCompatibilitySurfaceTests.test_only_declared_host_adapters_depend_on_the_gate_facade) ... FAIL
test_policy_explains_that_the_legacy_surface_must_shrink (tests.test_click_compatibility_surface.ClickCompatibilitySurfaceTests.test_policy_explains_that_the_legacy_surface_must_shrink) ... ok
test_private_forwarders_match_the_reviewed_baseline (tests.test_click_compatibility_surface.ClickCompatibilitySurfaceTests.test_private_forwarders_match_the_reviewed_baseline) ... ok
test_removed_domain_helpers_stay_out_of_the_gate_facade (tests.test_click_compatibility_surface.ClickCompatibilitySurfaceTests.test_removed_domain_helpers_stay_out_of_the_gate_facade) ... ok
test_cancel_archives_only_measurements_without_execution_authority (tests.test_click_contract_state.ClickContractStateTests.test_cancel_archives_only_measurements_without_execution_authority) ... ok
test_cancel_keeps_completed_source_and_marks_only_active_and_future_sources (tests.test_click_contract_state.ClickContractStateTests.test_cancel_keeps_completed_source_and_marks_only_active_and_future_sources) ... ok
test_clear_preserves_the_existing_oserror_tolerance (tests.test_click_contract_state.ClickContractStateTests.test_clear_preserves_the_existing_oserror_tolerance) ... ok
test_clear_removes_contract_and_its_runner_recovery_mirror (tests.test_click_contract_state.ClickContractStateTests.test_clear_removes_contract_and_its_runner_recovery_mirror) ... ok
test_leaf_depends_only_on_state_and_content_free_measurements (tests.test_click_contract_state.ClickContractStateTests.test_leaf_depends_only_on_state_and_content_free_measurements) ... ok
test_read_missing_malformed_and_non_object_state_is_exact (tests.test_click_contract_state.ClickContractStateTests.test_read_missing_malformed_and_non_object_state_is_exact) ... ok
test_runtime_domains_share_the_leaf_symbols (tests.test_click_contract_state.ClickContractStateTests.test_runtime_domains_share_the_leaf_symbols) ... ok
test_save_mutates_timestamp_and_round_trips_the_same_state (tests.test_click_contract_state.ClickContractStateTests.test_save_mutates_timestamp_and_round_trips_the_same_state) ... ok
test_bounded_capture_streams_full_output_and_executes_once (tests.test_click_diagnostics.ClickProcessCaptureTests.test_bounded_capture_streams_full_output_and_executes_once) ... ok
test_real_evidence_flow_projects_and_exports_actual_partial_reuse (tests.test_click_efficiency.DashboardImpactRuntimeTests.test_real_evidence_flow_projects_and_exports_actual_partial_reuse) ... ok
test_imported_comparison_switches_language_without_changing_samples (tests.test_click_efficiency.DashboardLanguageTests.test_imported_comparison_switches_language_without_changing_samples) ... ok
test_language_preference_survives_reload_and_storage_failure (tests.test_click_efficiency.DashboardLanguageTests.test_language_preference_survives_reload_and_storage_failure) ... ok
test_language_switch_preserves_selection_metrics_and_export_locale (tests.test_click_efficiency.DashboardLanguageTests.test_language_switch_preserves_selection_metrics_and_export_locale) ... ok
test_public_task_efficiency_cards_preserve_sign_scope_and_privacy (tests.test_click_efficiency.DashboardLanguageTests.test_public_task_efficiency_cards_preserve_sign_scope_and_privacy) ... ok
test_reuse_table_opens_evidence_and_preserves_history_navigation (tests.test_click_efficiency.DashboardLanguageTests.test_reuse_table_opens_evidence_and_preserves_history_navigation) ... ok
test_translation_coverage_and_status_distinctions (tests.test_click_efficiency.DashboardLanguageTests.test_translation_coverage_and_status_distinctions) ... ok
test_unchanged_snapshot_ignores_only_projection_timestamps (tests.test_click_efficiency.DashboardLanguageTests.test_unchanged_snapshot_ignores_only_projection_timestamps) ... ok
test_a_fail_b_fail_c_success_are_all_recorded_when_explicit (tests.test_click_failure_collection.ClickFailureCollectionIntegrationTests.test_a_fail_b_fail_c_success_are_all_recorded_when_explicit) ... ok
test_common_runtime_error_stops_collection_conservatively (tests.test_click_failure_collection.ClickFailureCollectionIntegrationTests.test_common_runtime_error_stops_collection_conservatively) ... ok
test_default_remains_fail_fast (tests.test_click_failure_collection.ClickFailureCollectionIntegrationTests.test_default_remains_fail_fast) ... ok
test_failure_diagnosis_fix_requalification_and_reuse_use_real_runner (tests.test_click_failure_collection.ClickFailureCollectionIntegrationTests.test_failure_diagnosis_fix_requalification_and_reuse_use_real_runner) ... ok
test_same_source_stops_after_its_first_failure (tests.test_click_failure_collection.ClickFailureCollectionIntegrationTests.test_same_source_stops_after_its_first_failure) ... ok
test_source_budget_stops_before_unadmitted_source (tests.test_click_failure_collection.ClickFailureCollectionIntegrationTests.test_source_budget_stops_before_unadmitted_source) ... ok
test_workspace_drift_at_source_boundary_stops_before_next_source (tests.test_click_failure_collection.ClickFailureCollectionIntegrationTests.test_workspace_drift_at_source_boundary_stops_before_next_source) ... ok
test_browser_attempt_history_compacts_instead_of_blocking (tests.test_click_gate_browser.ClickGateBrowserTests.test_browser_attempt_history_compacts_instead_of_blocking) ... ok
test_browser_evidence_requires_an_assigned_primary_source (tests.test_click_gate_browser.ClickGateBrowserTests.test_browser_evidence_requires_an_assigned_primary_source) ... ok
test_browser_failure_retry_is_per_input_and_observed_is_monotonic (tests.test_click_gate_browser.ClickGateBrowserTests.test_browser_failure_retry_is_per_input_and_observed_is_monotonic) ... ok
test_browser_primary_source_is_required_for_contract_completion (tests.test_click_gate_browser.ClickGateBrowserTests.test_browser_primary_source_is_required_for_contract_completion) ... ok
test_browser_primary_source_uses_structured_kind_not_localized_text (tests.test_click_gate_browser.ClickGateBrowserTests.test_browser_primary_source_uses_structured_kind_not_localized_text) ... ok
test_browser_receipt_binding_and_serial_interlock_remain_hard (tests.test_click_gate_browser.ClickGateBrowserTests.test_browser_receipt_binding_and_serial_interlock_remain_hard) ... ok
test_browser_response_classifier_requires_meaningful_success (tests.test_click_gate_browser.ClickGateBrowserTests.test_browser_response_classifier_requires_meaningful_success) ... ok
test_browser_workflow_tuning_is_advisory_without_a_call_cap (tests.test_click_gate_browser.ClickGateBrowserTests.test_browser_workflow_tuning_is_advisory_without_a_call_cap) ... ok
test_empty_browser_tool_response_is_not_completion_evidence (tests.test_click_gate_browser.ClickGateBrowserTests.test_empty_browser_tool_response_is_not_completion_evidence) ... ok
test_lost_browser_post_event_expires_and_allows_receipt_bound_retry (tests.test_click_gate_browser.ClickGateBrowserTests.test_lost_browser_post_event_expires_and_allows_receipt_bound_retry) ... ok
test_all_click_subprocesses_use_isolated_process_groups (tests.test_click_gate_inspection.ClickGateInspectionTests.test_all_click_subprocesses_use_isolated_process_groups) ... ok
test_broad_inventory_advisory_is_independent_of_model_identity (tests.test_click_gate_inspection.ClickGateInspectionTests.test_broad_inventory_advisory_is_independent_of_model_identity) ... ok
test_direct_read_sequence_is_rewritten_as_shell_free_inspection (tests.test_click_gate_inspection.ClickGateInspectionTests.test_direct_read_sequence_is_rewritten_as_shell_free_inspection) ... ok
test_direct_structured_ssh_read_becomes_an_observation (tests.test_click_gate_inspection.ClickGateInspectionTests.test_direct_structured_ssh_read_becomes_an_observation) ... ok
test_evidence_default_allows_and_records_first_mutation (tests.test_click_gate_inspection.ClickGateInspectionTests.test_evidence_default_allows_and_records_first_mutation) ... ok
test_get_content_rejects_options_the_native_runner_does_not_implement (tests.test_click_gate_inspection.ClickGateInspectionTests.test_get_content_rejects_options_the_native_runner_does_not_implement) ... ok
test_git_and_ssh_inspection_execute_verified_absolute_binaries (tests.test_click_gate_inspection.ClickGateInspectionTests.test_git_and_ssh_inspection_execute_verified_absolute_binaries) ... ok
test_git_read_only_policy_rejects_pager_config_and_removed_subcommands (tests.test_click_gate_inspection.ClickGateInspectionTests.test_git_read_only_policy_rejects_pager_config_and_removed_subcommands) ... ok
test_git_read_only_policy_uses_hardened_executor_shape (tests.test_click_gate_inspection.ClickGateInspectionTests.test_git_read_only_policy_uses_hardened_executor_shape) ... ok
test_git_remote_output_redacts_credentials_and_query_tokens (tests.test_click_gate_inspection.ClickGateInspectionTests.test_git_remote_output_redacts_credentials_and_query_tokens) ... ok
test_hook_config_loads_mode_for_each_prompt (tests.test_click_gate_inspection.ClickGateInspectionTests.test_hook_config_loads_mode_for_each_prompt) ... ok
test_hook_payload_writer_is_safe_for_legacy_windows_code_pages (tests.test_click_gate_inspection.ClickGateInspectionTests.test_hook_payload_writer_is_safe_for_legacy_windows_code_pages) ... ok
test_incomplete_and_corrupt_cache_fall_back_to_real_read (tests.test_click_gate_inspection.ClickGateInspectionTests.test_incomplete_and_corrupt_cache_fall_back_to_real_read) ... ok
test_inspection_never_executes_a_path_qualified_read_only_name (tests.test_click_gate_inspection.ClickGateInspectionTests.test_inspection_never_executes_a_path_qualified_read_only_name) ... Click rejected the read-only executable at execution time: read-only executables must use an unqualified trusted name.
ok
test_inspection_rejects_a_symlink_into_the_workspace (tests.test_click_gate_inspection.ClickGateInspectionTests.test_inspection_rejects_a_symlink_into_the_workspace) ... Click rejected the read-only executable at execution time: the inherited executable resolves inside the workspace.
ok
test_inspection_rejects_a_workspace_path_shadow (tests.test_click_gate_inspection.ClickGateInspectionTests.test_inspection_rejects_a_workspace_path_shadow) ... Click rejected the read-only executable at execution time: the inherited executable path is inside the workspace.
ok
test_inspection_rejects_a_workspace_symlink_to_a_trusted_binary (tests.test_click_gate_inspection.ClickGateInspectionTests.test_inspection_rejects_a_workspace_symlink_to_a_trusted_binary) ... Click rejected the read-only executable at execution time: the inherited executable path is inside the workspace.
ok
test_inspection_request_retains_the_eight_command_operational_cap (tests.test_click_gate_inspection.ClickGateInspectionTests.test_inspection_request_retains_the_eight_command_operational_cap) ... ok
test_inspection_rewrites_a_trusted_bare_executable (tests.test_click_gate_inspection.ClickGateInspectionTests.test_inspection_rewrites_a_trusted_bare_executable) ... ok
test_logical_repeat_advisory_is_independent_of_model_identity (tests.test_click_gate_inspection.ClickGateInspectionTests.test_logical_repeat_advisory_is_independent_of_model_identity) ... ok
test_pdf_tools_admit_only_side_effect_free_forms (tests.test_click_gate_inspection.ClickGateInspectionTests.test_pdf_tools_admit_only_side_effect_free_forms) ... ok
test_read_only_bash_is_rewritten_before_gate (tests.test_click_gate_inspection.ClickGateInspectionTests.test_read_only_bash_is_rewritten_before_gate) ... ok
test_read_only_capability_rejects_path_qualified_executables (tests.test_click_gate_inspection.ClickGateInspectionTests.test_read_only_capability_rejects_path_qualified_executables) ... ok
test_read_only_child_environments_strip_loader_injection (tests.test_click_gate_inspection.ClickGateInspectionTests.test_read_only_child_environments_strip_loader_injection) ... ok
test_read_only_resolution_excludes_the_containing_repository (tests.test_click_gate_inspection.ClickGateInspectionTests.test_read_only_resolution_excludes_the_containing_repository) ... ok
test_rg_directory_cache_invalidates_inventory_changes (tests.test_click_gate_inspection.ClickGateInspectionTests.test_rg_directory_cache_invalidates_inventory_changes) ... ok
test_runner_transport_rejects_malformed_or_oversized_payloads (tests.test_click_gate_inspection.ClickGateInspectionTests.test_runner_transport_rejects_malformed_or_oversized_payloads) ... ok
test_sanitized_path_drops_a_missing_absolute_entry (tests.test_click_gate_inspection.ClickGateInspectionTests.test_sanitized_path_drops_a_missing_absolute_entry) ... ok
test_sanitized_path_drops_relative_and_workspace_entries (tests.test_click_gate_inspection.ClickGateInspectionTests.test_sanitized_path_drops_relative_and_workspace_entries) ... ok
test_sanitized_path_fails_closed_on_a_broken_symlink (tests.test_click_gate_inspection.ClickGateInspectionTests.test_sanitized_path_fails_closed_on_a_broken_symlink) ... ok
test_sanitized_path_fails_closed_on_a_symlink_loop (tests.test_click_gate_inspection.ClickGateInspectionTests.test_sanitized_path_fails_closed_on_a_symlink_loop) ... ok
test_shell_chaining_is_not_treated_as_read_only (tests.test_click_gate_inspection.ClickGateInspectionTests.test_shell_chaining_is_not_treated_as_read_only) ... ok
test_structured_broad_inspection_allows_advised_cross_digest_repeat (tests.test_click_gate_inspection.ClickGateInspectionTests.test_structured_broad_inspection_allows_advised_cross_digest_repeat) ... ok
test_structured_capabilities_reject_environment_assignment_prefixes (tests.test_click_gate_inspection.ClickGateInspectionTests.test_structured_capabilities_reject_environment_assignment_prefixes) ... ok
test_structured_capabilities_reject_process_control_executables (tests.test_click_gate_inspection.ClickGateInspectionTests.test_structured_capabilities_reject_process_control_executables) ... ok
test_structured_inspection_emulates_get_content_cross_platform (tests.test_click_gate_inspection.ClickGateInspectionTests.test_structured_inspection_emulates_get_content_cross_platform) ... ok
test_structured_inspection_rejects_shells_and_write_options (tests.test_click_gate_inspection.ClickGateInspectionTests.test_structured_inspection_rejects_shells_and_write_options) ... ok
test_structured_inspection_runs_shell_free_and_advises_repeat (tests.test_click_gate_inspection.ClickGateInspectionTests.test_structured_inspection_runs_shell_free_and_advises_repeat) ... ok
test_structured_requests_require_protocol_version_one (tests.test_click_gate_inspection.ClickGateInspectionTests.test_structured_requests_require_protocol_version_one) ... ok
test_structured_ssh_execution_keeps_mutations_explicit (tests.test_click_gate_inspection.ClickGateInspectionTests.test_structured_ssh_execution_keeps_mutations_explicit) ... ok
test_structured_ssh_execution_preserves_remote_argv_literals (tests.test_click_gate_inspection.ClickGateInspectionTests.test_structured_ssh_execution_preserves_remote_argv_literals) ... ok
test_structured_ssh_inspection_reuses_bounded_git_policy (tests.test_click_gate_inspection.ClickGateInspectionTests.test_structured_ssh_inspection_reuses_bounded_git_policy) ... ok
test_structured_ssh_read_is_valid_targeted_verification (tests.test_click_gate_inspection.ClickGateInspectionTests.test_structured_ssh_read_is_valid_targeted_verification) ... ok
test_structured_ssh_remote_url_is_redacted_before_output (tests.test_click_gate_inspection.ClickGateInspectionTests.test_structured_ssh_remote_url_is_redacted_before_output) ... ok
test_subprocess_isolation_kwargs_are_platform_specific (tests.test_click_gate_inspection.ClickGateInspectionTests.test_subprocess_isolation_kwargs_are_platform_specific) ... ok
test_supported_cat_cache_reuses_once_and_fresh_bypasses_it (tests.test_click_gate_inspection.ClickGateInspectionTests.test_supported_cat_cache_reuses_once_and_fresh_bypasses_it) ... ok
test_supported_sed_range_reuses_only_the_same_range (tests.test_click_gate_inspection.ClickGateInspectionTests.test_supported_sed_range_reuses_only_the_same_range) ... ok
test_uninvoked_hook_starts_without_state (tests.test_click_gate_inspection.ClickGateInspectionTests.test_uninvoked_hook_starts_without_state) ... ok
test_unsupported_powershell_cmdlets_are_not_read_only_capabilities (tests.test_click_gate_inspection.ClickGateInspectionTests.test_unsupported_powershell_cmdlets_are_not_read_only_capabilities) ... ok
test_windows_direct_command_tokenization_preserves_paths (tests.test_click_gate_inspection.ClickGateInspectionTests.test_windows_direct_command_tokenization_preserves_paths) ... ok
test_windows_runner_refuses_expandable_launcher_paths (tests.test_click_gate_inspection.ClickGateInspectionTests.test_windows_runner_refuses_expandable_launcher_paths) ... ok
test_windows_runner_transport_hides_shell_expansion_tokens (tests.test_click_gate_inspection.ClickGateInspectionTests.test_windows_runner_transport_hides_shell_expansion_tokens) ... ok
test_workspace_boundary_ignores_an_invalid_git_named_ancestor (tests.test_click_gate_inspection.ClickGateInspectionTests.test_workspace_boundary_ignores_an_invalid_git_named_ancestor) ... ok
test_workspace_containment_uses_filesystem_identity_for_aliases (tests.test_click_gate_inspection.ClickGateInspectionTests.test_workspace_containment_uses_filesystem_identity_for_aliases) ... ok
test_write_capable_options_are_not_treated_as_read_only (tests.test_click_gate_inspection.ClickGateInspectionTests.test_write_capable_options_are_not_treated_as_read_only) ... ok
test_always_on_cannot_stage_and_pass_in_the_same_user_turn (tests.test_click_gate_lifecycle.ClickGateLifecycleTests.test_always_on_cannot_stage_and_pass_in_the_same_user_turn) ... ok
test_always_on_default_persists_and_gates_later_mutations (tests.test_click_gate_lifecycle.ClickGateLifecycleTests.test_always_on_default_persists_and_gates_later_mutations) ... ok
test_approved_contract_cannot_be_replaced_mid_run (tests.test_click_gate_lifecycle.ClickGateLifecycleTests.test_approved_contract_cannot_be_replaced_mid_run) ... ok
test_approved_contract_cannot_be_restaged_unchanged (tests.test_click_gate_lifecycle.ClickGateLifecycleTests.test_approved_contract_cannot_be_restaged_unchanged) ... ok
test_armed_gate_denies_apply_patch_before_contract (tests.test_click_gate_lifecycle.ClickGateLifecycleTests.test_armed_gate_denies_apply_patch_before_contract) ... ok
test_armed_gate_denies_mutating_bash_before_contract (tests.test_click_gate_lifecycle.ClickGateLifecycleTests.test_armed_gate_denies_mutating_bash_before_contract) ... ok
test_bypass_honors_user_opt_out_after_arm (tests.test_click_gate_lifecycle.ClickGateLifecycleTests.test_bypass_honors_user_opt_out_after_arm) ... ok
test_bypass_preserves_the_staged_contract_for_later_turn (tests.test_click_gate_lifecycle.ClickGateLifecycleTests.test_bypass_preserves_the_staged_contract_for_later_turn) ... ok
test_bypass_requires_exact_same_turn_one_use_authorization (tests.test_click_gate_lifecycle.ClickGateLifecycleTests.test_bypass_requires_exact_same_turn_one_use_authorization) ... ok
test_cancel_requires_authorization_and_clears_contract_once (tests.test_click_gate_lifecycle.ClickGateLifecycleTests.test_cancel_requires_authorization_and_clears_contract_once) ... ok
test_completed_contract_allows_fresh_next_contract_state (tests.test_click_gate_lifecycle.ClickGateLifecycleTests.test_completed_contract_allows_fresh_next_contract_state) ... ok
test_completed_contract_cannot_be_passed_again (tests.test_click_gate_lifecycle.ClickGateLifecycleTests.test_completed_contract_cannot_be_passed_again) ... ok
test_completed_guarded_contract_rolls_into_default_evidence (tests.test_click_gate_lifecycle.ClickGateLifecycleTests.test_completed_guarded_contract_rolls_into_default_evidence) ... ok
test_completed_pre_ledger_contract_keeps_rollover_compatibility (tests.test_click_gate_lifecycle.ClickGateLifecycleTests.test_completed_pre_ledger_contract_keeps_rollover_compatibility) ... ok
test_contract_can_be_replaced_only_after_a_new_user_turn (tests.test_click_gate_lifecycle.ClickGateLifecycleTests.test_contract_can_be_replaced_only_after_a_new_user_turn) ... ok
test_contract_id_cannot_cross_session_or_working_directory (tests.test_click_gate_lifecycle.ClickGateLifecycleTests.test_contract_id_cannot_cross_session_or_working_directory) ... ok
test_contract_records_staging_and_approval_turns (tests.test_click_gate_lifecycle.ClickGateLifecycleTests.test_contract_records_staging_and_approval_turns) ... ok
test_current_schema_missing_ledger_fails_closed_even_if_global_passed (tests.test_click_gate_lifecycle.ClickGateLifecycleTests.test_current_schema_missing_ledger_fails_closed_even_if_global_passed) ... ok
test_current_staged_contract_missing_ledger_is_rejected_at_pass (tests.test_click_gate_lifecycle.ClickGateLifecycleTests.test_current_staged_contract_missing_ledger_is_rejected_at_pass) ... ok
test_default_preference_stays_outside_the_target_repository (tests.test_click_gate_lifecycle.ClickGateLifecycleTests.test_default_preference_stays_outside_the_target_repository) ... ok
test_failed_contract_cannot_be_replaced (tests.test_click_gate_lifecycle.ClickGateLifecycleTests.test_failed_contract_cannot_be_replaced) ... ok
test_gate_pass_does_not_leak_into_a_new_turn (tests.test_click_gate_lifecycle.ClickGateLifecycleTests.test_gate_pass_does_not_leak_into_a_new_turn) ... ok
test_guarded_follow_up_resumes_and_mutates_without_new_approval (tests.test_click_gate_lifecycle.ClickGateLifecycleTests.test_guarded_follow_up_resumes_and_mutates_without_new_approval) ... ok
test_guarded_follow_up_turn_is_digest_bound_without_reapproval (tests.test_click_gate_lifecycle.ClickGateLifecycleTests.test_guarded_follow_up_turn_is_digest_bound_without_reapproval) ... ok
test_identical_staged_contract_cannot_be_restaged_in_a_later_turn (tests.test_click_gate_lifecycle.ClickGateLifecycleTests.test_identical_staged_contract_cannot_be_restaged_in_a_later_turn) ... ok
test_incomplete_approved_contract_advises_on_parallel_root_inventory (tests.test_click_gate_lifecycle.ClickGateLifecycleTests.test_incomplete_approved_contract_advises_on_parallel_root_inventory) ... ok
test_incomplete_approved_contract_resume_reuses_the_same_id (tests.test_click_gate_lifecycle.ClickGateLifecycleTests.test_incomplete_approved_contract_resume_reuses_the_same_id) ... ok
test_incomplete_approved_contract_tracks_later_turn_direct_reads (tests.test_click_gate_lifecycle.ClickGateLifecycleTests.test_incomplete_approved_contract_tracks_later_turn_direct_reads) ... ok
test_incomplete_approved_contract_tracks_later_turn_structured_reads (tests.test_click_gate_lifecycle.ClickGateLifecycleTests.test_incomplete_approved_contract_tracks_later_turn_structured_reads) ... ok
test_incomplete_pre_ledger_contract_requires_cancel_and_restage (tests.test_click_gate_lifecycle.ClickGateLifecycleTests.test_incomplete_pre_ledger_contract_requires_cancel_and_restage) ... ok
test_legacy_migration_does_not_unlock_an_active_guarded_contract (tests.test_click_gate_lifecycle.ClickGateLifecycleTests.test_legacy_migration_does_not_unlock_an_active_guarded_contract) ... ok
test_legacy_preferences_preserve_authority_choice_during_migration (tests.test_click_gate_lifecycle.ClickGateLifecycleTests.test_legacy_preferences_preserve_authority_choice_during_migration) ... ok
test_malformed_current_evidence_ledger_fails_closed (tests.test_click_gate_lifecycle.ClickGateLifecycleTests.test_malformed_current_evidence_ledger_fails_closed) ... ok
test_malformed_stored_id_does_not_fall_back_to_the_digest (tests.test_click_gate_lifecycle.ClickGateLifecycleTests.test_malformed_stored_id_does_not_fall_back_to_the_digest) ... ok
test_manual_default_persists_and_keeps_uninvoked_mutations_fail_open (tests.test_click_gate_lifecycle.ClickGateLifecycleTests.test_manual_default_persists_and_keeps_uninvoked_mutations_fail_open) ... ok
test_manual_incomplete_approved_contract_blocks_later_turn_mutation (tests.test_click_gate_lifecycle.ClickGateLifecycleTests.test_manual_incomplete_approved_contract_blocks_later_turn_mutation) ... ok
test_manual_incomplete_contract_survives_eight_day_cleanup (tests.test_click_gate_lifecycle.ClickGateLifecycleTests.test_manual_incomplete_contract_survives_eight_day_cleanup) ... ok
test_manual_staged_contract_blocks_next_turn_mutation (tests.test_click_gate_lifecycle.ClickGateLifecycleTests.test_manual_staged_contract_blocks_next_turn_mutation) ... ok
test_partial_evidence_ledger_entry_loss_fails_closed (tests.test_click_gate_lifecycle.ClickGateLifecycleTests.test_partial_evidence_ledger_entry_loss_fails_closed) ... ok
test_pass_accepts_only_a_well_formed_contract_id (tests.test_click_gate_lifecycle.ClickGateLifecycleTests.test_pass_accepts_only_a_well_formed_contract_id) ... ok
test_pass_rejects_an_id_different_from_the_staged_contract (tests.test_click_gate_lifecycle.ClickGateLifecycleTests.test_pass_rejects_an_id_different_from_the_staged_contract) ... ok
test_pass_rejects_corrupted_staged_digest (tests.test_click_gate_lifecycle.ClickGateLifecycleTests.test_pass_rejects_corrupted_staged_digest) ... ok
test_pass_requires_a_staged_contract (tests.test_click_gate_lifecycle.ClickGateLifecycleTests.test_pass_requires_a_staged_contract) ... ok
test_pre_id_staged_state_gets_a_digest_derived_compatibility_id (tests.test_click_gate_lifecycle.ClickGateLifecycleTests.test_pre_id_staged_state_gets_a_digest_derived_compatibility_id) ... ok
test_pre_ledger_staged_contract_is_rejected_at_pass (tests.test_click_gate_lifecycle.ClickGateLifecycleTests.test_pre_ledger_staged_contract_is_rejected_at_pass) ... ok
test_prompt_authorization_accepts_only_allowlisted_first_line_forms (tests.test_click_gate_lifecycle.ClickGateLifecycleTests.test_prompt_authorization_accepts_only_allowlisted_first_line_forms) ... ok
test_prompt_context_exposes_only_the_active_contract_id (tests.test_click_gate_lifecycle.ClickGateLifecycleTests.test_prompt_context_exposes_only_the_active_contract_id) ... ok
test_prompt_context_migrates_pre_ledger_approved_contract (tests.test_click_gate_lifecycle.ClickGateLifecycleTests.test_prompt_context_migrates_pre_ledger_approved_contract) ... ok
test_prompt_context_migrates_pre_ledger_staged_contract (tests.test_click_gate_lifecycle.ClickGateLifecycleTests.test_prompt_context_migrates_pre_ledger_staged_contract) ... ok
test_prompt_context_reflects_persistent_default (tests.test_click_gate_lifecycle.ClickGateLifecycleTests.test_prompt_context_reflects_persistent_default) ... ok
test_revised_stage_invalidates_the_previous_contract_id (tests.test_click_gate_lifecycle.ClickGateLifecycleTests.test_revised_stage_invalidates_the_previous_contract_id) ... ok
test_stage_and_pass_require_a_user_prompt_for_their_exact_turn (tests.test_click_gate_lifecycle.ClickGateLifecycleTests.test_stage_and_pass_require_a_user_prompt_for_their_exact_turn) ... ok
test_stage_requires_explicit_arm (tests.test_click_gate_lifecycle.ClickGateLifecycleTests.test_stage_requires_explicit_arm) ... ok
test_stale_completed_contract_cannot_be_replaced (tests.test_click_gate_lifecycle.ClickGateLifecycleTests.test_stale_completed_contract_cannot_be_replaced) ... ok
test_state_retains_bounded_display_but_not_full_contract_or_read_content (tests.test_click_gate_lifecycle.ClickGateLifecycleTests.test_state_retains_bounded_display_but_not_full_contract_or_read_content) ... ok
test_strict_mode_is_session_wide_and_can_return_to_adaptive (tests.test_click_gate_lifecycle.ClickGateLifecycleTests.test_strict_mode_is_session_wide_and_can_return_to_adaptive) ... ok
test_structured_mutation_state_does_not_store_command_plaintext (tests.test_click_gate_lifecycle.ClickGateLifecycleTests.test_structured_mutation_state_does_not_store_command_plaintext) ... ok
test_uninvoked_plan_and_exploration_remain_fail_open (tests.test_click_gate_lifecycle.ClickGateLifecycleTests.test_uninvoked_plan_and_exploration_remain_fail_open) ... ok
test_unknown_state_schema_fails_closed_with_valid_ledger (tests.test_click_gate_lifecycle.ClickGateLifecycleTests.test_unknown_state_schema_fails_closed_with_valid_ledger) ... ok
test_valid_contract_is_recorded_and_control_command_is_rewritten (tests.test_click_gate_lifecycle.ClickGateLifecycleTests.test_valid_contract_is_recorded_and_control_command_is_rewritten) ... ok
test_code_mode_aliases_fail_into_the_same_conservative_gate_when_visible (tests.test_click_hook.ClickHookRoutingTests.test_code_mode_aliases_fail_into_the_same_conservative_gate_when_visible) ... ok
test_direct_exec_aliases_normalize_to_canonical_bash_path (tests.test_click_hook.ClickHookRoutingTests.test_direct_exec_aliases_normalize_to_canonical_bash_path) ... ok
test_non_pre_tool_events_and_unrelated_tools_are_unchanged (tests.test_click_hook.ClickHookRoutingTests.test_non_pre_tool_events_and_unrelated_tools_are_unchanged) ... ok
test_concurrent_clients_share_one_startup_worker (tests.test_click_hook_worker.ClickHookWorkerTests.test_concurrent_clients_share_one_startup_worker) ... ok
test_explicit_disable_uses_one_shot_gate_without_worker_state (tests.test_click_hook_worker.ClickHookWorkerTests.test_explicit_disable_uses_one_shot_gate_without_worker_state) ... ok
test_separate_hook_clients_reuse_one_worker_and_session_end_stops_it (tests.test_click_hook_worker.ClickHookWorkerTests.test_separate_hook_clients_reuse_one_worker_and_session_end_stops_it) ... ok
test_uncertain_delivery_is_blocked_without_replay (tests.test_click_hook_worker.ClickHookWorkerTests.test_uncertain_delivery_is_blocked_without_replay) ... ok
test_worker_exits_after_idle_timeout (tests.test_click_hook_worker.ClickHookWorkerTests.test_worker_exits_after_idle_timeout) ... ok
test_worker_uses_exact_environment_without_affecting_verification_bindings (tests.test_click_hook_worker.ClickHookWorkerTests.test_worker_uses_exact_environment_without_affecting_verification_bindings) ... ok
test_gate_does_not_reexport_inspection_helpers (tests.test_click_inspection.ClickInspectionTests.test_gate_does_not_reexport_inspection_helpers) ... ok
test_inspection_depends_only_on_policy_capability_and_process_leaves (tests.test_click_inspection.ClickInspectionTests.test_inspection_depends_only_on_policy_capability_and_process_leaves) ... ok
test_inspection_validation_preserves_exact_errors_and_scope (tests.test_click_inspection.ClickInspectionTests.test_inspection_validation_preserves_exact_errors_and_scope) ... ok
test_local_execution_argv_does_not_mutate_validated_request (tests.test_click_inspection.ClickInspectionTests.test_local_execution_argv_does_not_mutate_validated_request) ... ok
test_read_only_environment_drops_loader_and_ripgrep_configuration (tests.test_click_inspection.ClickInspectionTests.test_read_only_environment_drops_loader_and_ripgrep_configuration) ... ok
test_authoritative_parser_maps_file_objects_and_binds_root (tests.test_click_observer_windows.ClickObserverWindowsTests.test_authoritative_parser_maps_file_objects_and_binds_root) ... ok
test_collection_failure_before_target_does_not_start_it (tests.test_click_observer_windows.ClickObserverWindowsTests.test_collection_failure_before_target_does_not_start_it) ... ok
test_collection_starts_both_sessions_then_runs_target_once (tests.test_click_observer_windows.ClickObserverWindowsTests.test_collection_starts_both_sessions_then_runs_target_once) ... ok
test_parser_bounds_inputs_without_retaining_overflow_paths (tests.test_click_observer_windows.ClickObserverWindowsTests.test_parser_bounds_inputs_without_retaining_overflow_paths) ... ok
test_parser_collapses_the_known_venv_interpreter_redirect (tests.test_click_observer_windows.ClickObserverWindowsTests.test_parser_collapses_the_known_venv_interpreter_redirect) ... ok
test_parser_marks_loss_truncation_and_unknown_events_incomplete (tests.test_click_observer_windows.ClickObserverWindowsTests.test_parser_marks_loss_truncation_and_unknown_events_incomplete) ... ok
test_parser_merges_directory_metadata_and_current_query_events (tests.test_click_observer_windows.ClickObserverWindowsTests.test_parser_merges_directory_metadata_and_current_query_events) ... ok
test_parser_scopes_inputs_to_root_and_descendants (tests.test_click_observer_windows.ClickObserverWindowsTests.test_parser_scopes_inputs_to_root_and_descendants) ... ok
test_parser_uses_file_key_mapping_and_native_device_paths (tests.test_click_observer_windows.ClickObserverWindowsTests.test_parser_uses_file_key_mapping_and_native_device_paths) ... ok
test_post_start_failure_never_reruns_target (tests.test_click_observer_windows.ClickObserverWindowsTests.test_post_start_failure_never_reruns_target) ... ok
test_target_spawn_failure_stops_both_started_sessions (tests.test_click_observer_windows.ClickObserverWindowsTests.test_target_spawn_failure_stops_both_started_sessions) ... ok
test_unavailable_tools_use_fallback_exactly_once (tests.test_click_observer_windows.ClickObserverWindowsTests.test_unavailable_tools_use_fallback_exactly_once) ... ok
test_copy_limited_output_stops_at_the_exact_byte_cap (tests.test_click_process.ClickProcessTests.test_copy_limited_output_stops_at_the_exact_byte_cap) ... ok
test_gate_does_not_reexport_process_primitives (tests.test_click_process.ClickProcessTests.test_gate_does_not_reexport_process_primitives) ... ok
test_isolation_kwargs_are_platform_specific (tests.test_click_process.ClickProcessTests.test_isolation_kwargs_are_platform_specific) ... ok
test_process_module_does_not_depend_on_gate_state_or_evidence (tests.test_click_process.ClickProcessTests.test_process_module_does_not_depend_on_gate_state_or_evidence) ... ok
test_run_argv_is_shell_free_and_uses_an_isolated_group (tests.test_click_process.ClickProcessTests.test_run_argv_is_shell_free_and_uses_an_isolated_group) ... ok
test_run_argv_terminates_process_group_on_keyboard_interrupt (tests.test_click_process.ClickProcessTests.test_run_argv_terminates_process_group_on_keyboard_interrupt) ... ok
test_run_argv_timeout_stops_descendant_holding_exited_parent_pipe (tests.test_click_process.ClickProcessTests.test_run_argv_timeout_stops_descendant_holding_exited_parent_pipe) ... ok
test_spawn_argv_is_shell_free_and_uses_an_isolated_group (tests.test_click_process.ClickProcessTests.test_spawn_argv_is_shell_free_and_uses_an_isolated_group) ... ok
test_target_start_is_after_spawn_and_not_reported_for_probe_or_spawn_failure (tests.test_click_process.ClickProcessTests.test_target_start_is_after_spawn_and_not_reported_for_probe_or_spawn_failure) ... ok
test_terminate_process_group_escalates_after_timeout (tests.test_click_process.ClickProcessTests.test_terminate_process_group_escalates_after_timeout) ... ok
test_terminate_process_group_uses_posix_group_signals (tests.test_click_process.ClickProcessTests.test_terminate_process_group_uses_posix_group_signals) ... ok
test_terminate_process_group_uses_windows_control_break (tests.test_click_process.ClickProcessTests.test_terminate_process_group_uses_windows_control_break) ... ok
test_termination_stops_descendant_after_parent_already_exited (tests.test_click_process.ClickProcessTests.test_termination_stops_descendant_after_parent_already_exited) ... ok
test_termination_stops_term_ignoring_descendant_after_parent_exits (tests.test_click_process.ClickProcessTests.test_termination_stops_term_ignoring_descendant_after_parent_exits) ... ok
test_windows_termination_escalates_to_kill_after_timeout (tests.test_click_process.ClickProcessTests.test_windows_termination_escalates_to_kill_after_timeout) ... ok
test_windows_termination_falls_back_when_control_break_is_missing (tests.test_click_process.ClickProcessTests.test_windows_termination_falls_back_when_control_break_is_missing) ... ok
test_build_binds_final_state_without_exporting_root_or_secrets (tests.test_click_receipt_runtime.ClickReceiptRuntimeTests.test_build_binds_final_state_without_exporting_root_or_secrets) ... ok
test_evidence_receipt_names_host_authority_without_a_contract (tests.test_click_receipt_runtime.ClickReceiptRuntimeTests.test_evidence_receipt_names_host_authority_without_a_contract) ... ok
test_later_verification_settles_omitted_host_completion_as_observed (tests.test_click_receipt_runtime.ClickReceiptRuntimeTests.test_later_verification_settles_omitted_host_completion_as_observed) ... ok
test_verified_workspace_root_requires_current_canonical_argv_evidence (tests.test_click_receipt_runtime.ClickReceiptRuntimeTests.test_verified_workspace_root_requires_current_canonical_argv_evidence) ... ok
test_verify_file_is_offline_strict_and_unsigned (tests.test_click_receipt_runtime.ClickReceiptRuntimeTests.test_verify_file_is_offline_strict_and_unsigned) ... ok
test_workspace_drift_or_active_claim_is_rejected (tests.test_click_receipt_runtime.ClickReceiptRuntimeTests.test_workspace_drift_or_active_claim_is_rejected) ... ok
test_concurrent_disappearance_and_stat_error_are_best_effort (tests.test_click_runner_transport.ClickJsonReportCleanupTests.test_concurrent_disappearance_and_stat_error_are_best_effort) ... ok
test_directory_open_and_iteration_errors_preserve_new_report (tests.test_click_runner_transport.ClickJsonReportCleanupTests.test_directory_open_and_iteration_errors_preserve_new_report) ... ok
test_empty_directory_preserves_new_report (tests.test_click_runner_transport.ClickJsonReportCleanupTests.test_empty_directory_preserves_new_report) ... ok
test_exact_writer_names_and_strict_ttl_preserve_other_state (tests.test_click_runner_transport.ClickJsonReportCleanupTests.test_exact_writer_names_and_strict_ttl_preserve_other_state) ... ok
test_fresh_prefix_does_not_starve_expired_suffix_across_calls (tests.test_click_runner_transport.ClickJsonReportCleanupTests.test_fresh_prefix_does_not_starve_expired_suffix_across_calls) ... ok
test_inline_and_oversized_untransportable_reports_do_not_scan_or_write (tests.test_click_runner_transport.ClickJsonReportCleanupTests.test_inline_and_oversized_untransportable_reports_do_not_scan_or_write) ... ok
test_legacy_prefix_report_remains_readable_once (tests.test_click_runner_transport.ClickJsonReportCleanupTests.test_legacy_prefix_report_remains_readable_once) ... ok
test_many_nonmatching_entries_need_no_metadata_and_fresh_reports_are_preserved (tests.test_click_runner_transport.ClickJsonReportCleanupTests.test_many_nonmatching_entries_need_no_metadata_and_fresh_reports_are_preserved) ... ok
test_own_new_report_is_skipped_even_if_its_timestamp_looks_expired (tests.test_click_runner_transport.ClickJsonReportCleanupTests.test_own_new_report_is_skipped_even_if_its_timestamp_looks_expired) ... ok
test_path_replacement_with_directory_does_not_change_report_result (tests.test_click_runner_transport.ClickJsonReportCleanupTests.test_path_replacement_with_directory_does_not_change_report_result) ... ok
test_permission_failure_does_not_consume_deletion_budget (tests.test_click_runner_transport.ClickJsonReportCleanupTests.test_permission_failure_does_not_consume_deletion_budget) ... ok
test_report_write_error_propagates_and_runner_render_error_removes_new_file (tests.test_click_runner_transport.ClickJsonReportCleanupTests.test_report_write_error_propagates_and_runner_render_error_removes_new_file) ... ok
test_streaming_stops_after_128_successful_deletions (tests.test_click_runner_transport.ClickJsonReportCleanupTests.test_streaming_stops_after_128_successful_deletions) ... ok
test_symlinks_are_not_followed_or_removed (tests.test_click_runner_transport.ClickJsonReportCleanupTests.test_symlinks_are_not_followed_or_removed) ... ok
test_cargo_requires_offline_mode_and_rejects_rustup_project_override (tests.test_click_runtime_identity.RuntimeIdentityTests.test_cargo_requires_offline_mode_and_rejects_rustup_project_override) ... ok
test_go_toolchain_download_is_blocked_but_local_mode_is_complete (tests.test_click_runtime_identity.RuntimeIdentityTests.test_go_toolchain_download_is_blocked_but_local_mode_is_complete) ... ok
test_jvm_and_dotnet_require_no_download_execution_modes (tests.test_click_runtime_identity.RuntimeIdentityTests.test_jvm_and_dotnet_require_no_download_execution_modes) ... ok
test_no_install_package_runner_is_bound_to_its_local_manifest_and_entry (tests.test_click_runtime_identity.RuntimeIdentityTests.test_no_install_package_runner_is_bound_to_its_local_manifest_and_entry) ... ok
test_node_runtime_and_project_config_are_content_bound (tests.test_click_runtime_identity.RuntimeIdentityTests.test_node_runtime_and_project_config_are_content_bound) ... ok
test_package_lifecycle_and_install_state_disable_reuse (tests.test_click_runtime_identity.RuntimeIdentityTests.test_package_lifecycle_and_install_state_disable_reuse) ... ok
test_package_lock_and_installed_lock_mismatch_is_not_reusable (tests.test_click_runtime_identity.RuntimeIdentityTests.test_package_lock_and_installed_lock_mismatch_is_not_reusable) ... ok
test_package_runner_target_cannot_escape_node_modules (tests.test_click_runtime_identity.RuntimeIdentityTests.test_package_runner_target_cannot_escape_node_modules) ... ok
test_remote_schema_is_blocked_and_local_validation_config_is_bound (tests.test_click_runtime_identity.RuntimeIdentityTests.test_remote_schema_is_blocked_and_local_validation_config_is_bound) ... ok
test_unprovisioned_package_runner_is_unsafe_without_reading_project_code (tests.test_click_runtime_identity.RuntimeIdentityTests.test_unprovisioned_package_runner_is_unsafe_without_reading_project_code) ... ok
test_added_deleted_tests_require_new_inventory_and_exact_coverage (tests.test_click_shard_proposal.ProposalTests.test_added_deleted_tests_require_new_inventory_and_exact_coverage) ... ok
test_discovery_imports_contribute_dependencies (tests.test_click_shard_proposal.ProposalTests.test_discovery_imports_contribute_dependencies) ... ok
test_existing_configs_preserved_and_dependency_scope_not_narrowed (tests.test_click_shard_proposal.ProposalTests.test_existing_configs_preserved_and_dependency_scope_not_narrowed) ... ok
test_jest_children_use_exact_run_tests_by_path_selectors (tests.test_click_shard_proposal.ProposalTests.test_jest_children_use_exact_run_tests_by_path_selectors) ... ok
test_missing_duplicate_and_invalid_child_are_not_proposals (tests.test_click_shard_proposal.ProposalTests.test_missing_duplicate_and_invalid_child_are_not_proposals) ... ok
test_private_artifacts_and_shipped_propose_entrypoint (tests.test_click_shard_proposal.ProposalTests.test_private_artifacts_and_shipped_propose_entrypoint) ... ok
test_pytest_child_command_keeps_the_full_nested_module_path (tests.test_click_shard_proposal.ProposalTests.test_pytest_child_command_keeps_the_full_nested_module_path) ... ok
test_pytest_nested_modules_generate_exact_children_and_regenerate (tests.test_click_shard_proposal.ProposalTests.test_pytest_nested_modules_generate_exact_children_and_regenerate) ... skipped 'pytest is unavailable'
test_regeneration_and_source_line_changes_keep_layout (tests.test_click_shard_proposal.ProposalTests.test_regeneration_and_source_line_changes_keep_layout) ... ok
test_same_basename_groups_modules_and_nonroot_cwd (tests.test_click_shard_proposal.ProposalTests.test_same_basename_groups_modules_and_nonroot_cwd) ... ok
test_shared_fixture_and_global_state_require_review (tests.test_click_shard_proposal.ProposalTests.test_shared_fixture_and_global_state_require_review) ... ok
test_two_independent_projects_generate_without_json (tests.test_click_shard_proposal.ProposalTests.test_two_independent_projects_generate_without_json) ... ok
test_unsupported_or_empty_split_and_bounds (tests.test_click_shard_proposal.ProposalTests.test_unsupported_or_empty_split_and_bounds) ... ok
test_vitest_same_basenames_generate_exact_file_children (tests.test_click_shard_proposal.ProposalTests.test_vitest_same_basenames_generate_exact_file_children) ... ok
test_whole_module_and_class_fixtures_preserved (tests.test_click_shard_proposal.ProposalTests.test_whole_module_and_class_fixtures_preserved) ... ok
test_existing_contract_and_gate_symbols_remain_compatible (tests.test_click_verification_policy.ClickVerificationPolicyTests.test_existing_contract_and_gate_symbols_remain_compatible) ... ok
test_legacy_meter_normalizes_classes_for_compatibility (tests.test_click_verification_policy.ClickVerificationPolicyTests.test_legacy_meter_normalizes_classes_for_compatibility) ... ok
test_policy_and_meter_are_independent_leaf_boundaries (tests.test_click_verification_policy.ClickVerificationPolicyTests.test_policy_and_meter_are_independent_leaf_boundaries) ... ok
test_profiles_are_qualitative_and_legacy_units_are_compatibility_only (tests.test_click_verification_policy.ClickVerificationPolicyTests.test_profiles_are_qualitative_and_legacy_units_are_compatibility_only) ... ok
test_approval_explanation_contract_and_scope_are_hard_gates (tests.test_semantic_grader.SemanticGraderTests.test_approval_explanation_contract_and_scope_are_hard_gates) ... ok
test_correctness_failure_forces_score_to_zero (tests.test_semantic_grader.SemanticGraderTests.test_correctness_failure_forces_score_to_zero) ... ok
test_findings_require_reviewable_evidence (tests.test_semantic_grader.SemanticGraderTests.test_findings_require_reviewable_evidence) ... ok
test_minimum_sufficient_correct_result_scores_full_marks (tests.test_semantic_grader.SemanticGraderTests.test_minimum_sufficient_correct_result_scores_full_marks) ... ok
test_overdesign_is_penalized_only_after_correctness_passes (tests.test_semantic_grader.SemanticGraderTests.test_overdesign_is_penalized_only_after_correctness_passes) ... ok
test_unwanted_block_or_ignored_opt_out_is_a_hard_failure (tests.test_semantic_grader.SemanticGraderTests.test_unwanted_block_or_ignored_opt_out_is_a_hard_failure) ... ok
test_broken_py_launcher_falls_back_to_python (tests.test_windows_hook_commands.WindowsHookCommandTests.test_broken_py_launcher_falls_back_to_python) ... skipped 'Windows Python launcher fallback test'
test_commands_use_direct_batch_launcher_and_desktop_matchers (tests.test_windows_hook_commands.WindowsHookCommandTests.test_commands_use_direct_batch_launcher_and_desktop_matchers) ... ok
test_hooks_execute_via_cmd_and_exec_aliases_rewrite (tests.test_windows_hook_commands.WindowsHookCommandTests.test_hooks_execute_via_cmd_and_exec_aliases_rewrite) ... skipped 'Windows cmd integration test'

======================================================================
FAIL: test_only_declared_host_adapters_depend_on_the_gate_facade (tests.test_click_compatibility_surface.ClickCompatibilitySurfaceTests.test_only_declared_host_adapters_depend_on_the_gate_facade)
----------------------------------------------------------------------
Traceback (most recent call last):
  File "<repo>/tests/test_click_compatibility_surface.py", line 146, in test_only_declared_host_adapters_depend_on_the_gate_facade
    self.assertEqual(actual, HOST_ADAPTER_SURFACE)
AssertionError: {'hooks/click_hook.py': frozenset({'main', '__fil[122 chars]_'})} != {'hooks/antigravity_gate.py': frozenset({'host_ro[47 chars]n'})}
  {'hooks/antigravity_gate.py': frozenset({'host_router'}),
-  'hooks/click_hook.py': frozenset({'main', '__file__'}),
?                                          ------------  ^

+  'hooks/click_hook.py': frozenset({'main'})}
?                                            ^

-  'hooks/click_hook_worker.py': frozenset({'main', '__file__'})}

----------------------------------------------------------------------
Ran 319 tests in 133.757s

FAILED (failures=1, skipped=4)
Real Hook/runner dashboard/export evidence: /tmp/click-ci-f3p760js/click-impact-e2e-wtcaionw
